<html>
<body>
<pre>
<h1>µVision Build Log</h1>
<h2>Tool Versions:</h2>
IDE-Version: ¦ÌVision V5.30.0.0
Copyright (C) 2020 ARM Ltd and ARM Germany GmbH. All rights reserved.
License Information: 3453245 Administrator, 234523, LIC=47GU5-G5DBC-DY2V3-AMJJ2-44UUU-YHS40
 
Tool Versions:
Toolchain:       MDK-ARM Plus  Version: 5.30.0.0
Toolchain Path:  C:\Keil_v5\ARM\ARMCC\Bin
C Compiler:      Armcc.exe V5.06 update 6 (build 750)
Assembler:       Armasm.exe V5.06 update 6 (build 750)
Linker/Locator:  ArmLink.exe V5.06 update 6 (build 750)
Library Manager: ArmAr.exe V5.06 update 6 (build 750)
Hex Converter:   FromElf.exe V5.06 update 6 (build 750)
CPU DLL:         SARMCM3.DLL V5.30.0.0
Dialog DLL:      DARMCM1.DLL V1.19.3.0
Target DLL:      Segger\JL2CM3.dll V2.99.38.0
Dialog DLL:      TARMCM1.DLL V1.14.2.0
 
<h2>Project:</h2>
E:\BaiduSyncdisk\Design\zuiguangzhe\guang yuan kongzhi qi\SOFTWARE\20260507\MDK-ARM\SOFTWARE.uvprojx
Project File Date:  04/27/2026

<h2>Output:</h2>
*** Using Compiler 'V5.06 update 6 (build 750)', folder: 'C:\Keil_v5\ARM\ARMCC\Bin'
Build target 'SOFTWARE'
compiling usart.c...
../Core/Src/usart.c(195): warning:  #188-D: enumerated type mixed with another type
  								CH455G_DisplayUpdate(ch-1, ch-1,
../Core/Src/usart.c(401): warning:  #177-D: variable "ok"  was declared but never referenced
              bool ok = true;
../Core/Src/usart.c(165): warning:  #177-D: variable "cmd"  was declared but never referenced
      char cmd = 0;
../Core/Src/usart.c(31): warning:  #177-D: variable "rx_byte"  was declared but never referenced
  static uint8_t  rx_byte;
../Core/Src/usart.c: 4 warnings, 0 errors
linking...
Program Size: Code=26836 RO-data=504 RW-data=148 ZI-data=2332  
FromELF: creating hex file...
"SOFTWARE\SOFTWARE.axf" - 0 Error(s), 4 Warning(s).

<h2>Software Packages used:</h2>

Package Vendor: ARM
                http://www.keil.com/pack/ARM.CMSIS.5.8.0.pack
                ARM.CMSIS.5.8.0
                CMSIS (Common Microcontroller Software Interface Standard)
   * Component: CORE Version: 5.5.0

Package Vendor: Keil
                http://www.keil.com/pack/Keil.STM32G0xx_DFP.1.4.0.pack
                Keil.STM32G0xx_DFP.1.4.0
                STMicroelectronics STM32G0 Series Device Support

<h2>Collection of Component include folders:</h2>
  .\RTE\_SOFTWARE
  C:\Users\Administrator\AppData\Local\Arm\Packs\ARM\CMSIS\5.8.0\CMSIS\Core\Include
  C:\Users\Administrator\AppData\Local\Arm\Packs\Keil\STM32G0xx_DFP\1.4.0\Drivers\CMSIS\Device\ST\STM32G0xx\Include

<h2>Collection of Component Files used:</h2>

   * Component: ARM::CMSIS:CORE:5.5.0
      Include file:  CMSIS\Core\Include\tz_context.h
Build Time Elapsed:  00:00:01
</pre>
</body>
</html>
