Component: ARM Compiler 5.06 update 6 (build 750) Tool: armlink [4d35ed]

==============================================================================

Section Cross References

    startup_stm32g030xx.o(STACK) refers (Special) to heapauxi.o(.text) for __use_two_region_memory
    startup_stm32g030xx.o(HEAP) refers (Special) to heapauxi.o(.text) for __use_two_region_memory
    startup_stm32g030xx.o(RESET) refers (Special) to heapauxi.o(.text) for __use_two_region_memory
    startup_stm32g030xx.o(RESET) refers to startup_stm32g030xx.o(STACK) for __initial_sp
    startup_stm32g030xx.o(RESET) refers to startup_stm32g030xx.o(.text) for Reset_Handler
    startup_stm32g030xx.o(RESET) refers to stm32g0xx_it.o(i.NMI_Handler) for NMI_Handler
    startup_stm32g030xx.o(RESET) refers to stm32g0xx_it.o(i.HardFault_Handler) for HardFault_Handler
    startup_stm32g030xx.o(RESET) refers to stm32g0xx_it.o(i.SVC_Handler) for SVC_Handler
    startup_stm32g030xx.o(RESET) refers to stm32g0xx_it.o(i.PendSV_Handler) for PendSV_Handler
    startup_stm32g030xx.o(RESET) refers to stm32g0xx_it.o(i.SysTick_Handler) for SysTick_Handler
    startup_stm32g030xx.o(RESET) refers to stm32g0xx_it.o(i.EXTI4_15_IRQHandler) for EXTI4_15_IRQHandler
    startup_stm32g030xx.o(RESET) refers to stm32g0xx_it.o(i.DMA1_Channel1_IRQHandler) for DMA1_Channel1_IRQHandler
    startup_stm32g030xx.o(RESET) refers to stm32g0xx_it.o(i.TIM17_IRQHandler) for TIM17_IRQHandler
    startup_stm32g030xx.o(RESET) refers to stm32g0xx_it.o(i.USART2_IRQHandler) for USART2_IRQHandler
    startup_stm32g030xx.o(.text) refers (Special) to heapauxi.o(.text) for __use_two_region_memory
    startup_stm32g030xx.o(.text) refers to system_stm32g0xx.o(i.SystemInit) for SystemInit
    startup_stm32g030xx.o(.text) refers to __main.o(!!!main) for __main
    startup_stm32g030xx.o(.text) refers to startup_stm32g030xx.o(HEAP) for Heap_Mem
    startup_stm32g030xx.o(.text) refers to startup_stm32g030xx.o(STACK) for Stack_Mem
    ch455g.o(i.CH455G_DisplayNumber) refers to aeabi_sdiv.o(.text) for __aeabi_idivmod
    ch455g.o(i.CH455G_DisplayNumber) refers to ch455g.o(i.ch455g_write) for ch455g_write
    ch455g.o(i.CH455G_DisplayNumber) refers to ch455g.o(.constdata) for seg_font
    ch455g.o(i.CH455G_DisplayUpdate) refers to ch455g.o(i.__ARM_common_switch8) for __ARM_common_switch8
    ch455g.o(i.CH455G_DisplayUpdate) refers to ch455g.o(i.CH455G_DisplayNumber) for CH455G_DisplayNumber
    ch455g.o(i.CH455G_DisplayUpdate) refers to ch455g.o(i.ch455g_write) for ch455g_write
    ch455g.o(i.CH455G_DisplayUpdate) refers to params.o(.data) for g_params
    ch455g.o(i.CH455G_DisplayUpdate) refers to ch455g.o(.constdata) for seg_font
    ch455g.o(i.CH455G_Init) refers to ch455g.o(i.SDA_Output) for SDA_Output
    ch455g.o(i.CH455G_Init) refers to ch455g.o(i.SCL_H) for SCL_H
    ch455g.o(i.CH455G_Init) refers to ch455g.o(i.SDA_H) for SDA_H
    ch455g.o(i.CH455G_Init) refers to ch455g.o(i.ch455g_write) for ch455g_write
    ch455g.o(i.CH455G_ReadKey) refers to ch455g.o(i.i2c_start) for i2c_start
    ch455g.o(i.CH455G_ReadKey) refers to ch455g.o(i.i2c_write_byte) for i2c_write_byte
    ch455g.o(i.CH455G_ReadKey) refers to ch455g.o(i.i2c_read_byte) for i2c_read_byte
    ch455g.o(i.CH455G_ReadKey) refers to ch455g.o(i.i2c_stop) for i2c_stop
    ch455g.o(i.SCL_H) refers to stm32g0xx_hal_gpio.o(i.HAL_GPIO_WritePin) for HAL_GPIO_WritePin
    ch455g.o(i.SCL_L) refers to stm32g0xx_hal_gpio.o(i.HAL_GPIO_WritePin) for HAL_GPIO_WritePin
    ch455g.o(i.SDA_H) refers to stm32g0xx_hal_gpio.o(i.HAL_GPIO_WritePin) for HAL_GPIO_WritePin
    ch455g.o(i.SDA_Input) refers to rt_memclr.o(.text) for __aeabi_memclr4
    ch455g.o(i.SDA_Input) refers to stm32g0xx_hal_gpio.o(i.HAL_GPIO_Init) for HAL_GPIO_Init
    ch455g.o(i.SDA_L) refers to stm32g0xx_hal_gpio.o(i.HAL_GPIO_WritePin) for HAL_GPIO_WritePin
    ch455g.o(i.SDA_Output) refers to rt_memclr.o(.text) for __aeabi_memclr4
    ch455g.o(i.SDA_Output) refers to stm32g0xx_hal_gpio.o(i.HAL_GPIO_Init) for HAL_GPIO_Init
    ch455g.o(i.SDA_READ) refers to stm32g0xx_hal_gpio.o(i.HAL_GPIO_ReadPin) for HAL_GPIO_ReadPin
    ch455g.o(i.ch455g_write) refers to ch455g.o(i.i2c_start) for i2c_start
    ch455g.o(i.ch455g_write) refers to ch455g.o(i.i2c_write_byte) for i2c_write_byte
    ch455g.o(i.ch455g_write) refers to ch455g.o(i.i2c_stop) for i2c_stop
    ch455g.o(i.ch455g_write) refers to ch455g.o(i.delay_us) for delay_us
    ch455g.o(i.delay_us) refers to aeabi_sdiv.o(.text) for __aeabi_uidivmod
    ch455g.o(i.delay_us) refers to system_stm32g0xx.o(.data) for SystemCoreClock
    ch455g.o(i.i2c_read_byte) refers to ch455g.o(i.SDA_Input) for SDA_Input
    ch455g.o(i.i2c_read_byte) refers to ch455g.o(i.SCL_H) for SCL_H
    ch455g.o(i.i2c_read_byte) refers to ch455g.o(i.delay_us) for delay_us
    ch455g.o(i.i2c_read_byte) refers to ch455g.o(i.SDA_READ) for SDA_READ
    ch455g.o(i.i2c_read_byte) refers to ch455g.o(i.SCL_L) for SCL_L
[...]
    i.HAL_UART_TxCpltCallback                0x08003c80   Section        0  stm32g0xx_hal_uart.o(i.HAL_UART_TxCpltCallback)
    i.HardFault_Handler                      0x08003c82   Section        0  stm32g0xx_it.o(i.HardFault_Handler)
    i.LL_ADC_Disable                         0x08003c88   Section        0  stm32g0xx_hal_adc.o(i.LL_ADC_Disable)
    LL_ADC_Disable                           0x08003c89   Thumb Code    12  stm32g0xx_hal_adc.o(i.LL_ADC_Disable)
    i.LL_ADC_Enable                          0x08003c98   Section        0  stm32g0xx_hal_adc.o(i.LL_ADC_Enable)
    LL_ADC_Enable                            0x08003c99   Thumb Code    12  stm32g0xx_hal_adc.o(i.LL_ADC_Enable)
    i.LL_ADC_GetCommonPathInternalCh         0x08003ca8   Section        0  stm32g0xx_hal_adc.o(i.LL_ADC_GetCommonPathInternalCh)
    LL_ADC_GetCommonPathInternalCh           0x08003ca9   Thumb Code    12  stm32g0xx_hal_adc.o(i.LL_ADC_GetCommonPathInternalCh)
    i.LL_ADC_IsDisableOngoing                0x08003cb4   Section        0  stm32g0xx_hal_adc.o(i.LL_ADC_IsDisableOngoing)
    LL_ADC_IsDisableOngoing                  0x08003cb5   Thumb Code    12  stm32g0xx_hal_adc.o(i.LL_ADC_IsDisableOngoing)
    i.LL_ADC_IsEnabled                       0x08003cc0   Section        0  stm32g0xx_hal_adc.o(i.LL_ADC_IsEnabled)
    LL_ADC_IsEnabled                         0x08003cc1   Thumb Code    16  stm32g0xx_hal_adc.o(i.LL_ADC_IsEnabled)
    i.LL_ADC_IsEnabled                       0x08003cd0   Section        0  stm32g0xx_hal_adc_ex.o(i.LL_ADC_IsEnabled)
    LL_ADC_IsEnabled                         0x08003cd1   Thumb Code    16  stm32g0xx_hal_adc_ex.o(i.LL_ADC_IsEnabled)
    i.LL_ADC_IsInternalRegulatorEnabled      0x08003ce0   Section        0  stm32g0xx_hal_adc.o(i.LL_ADC_IsInternalRegulatorEnabled)
    LL_ADC_IsInternalRegulatorEnabled        0x08003ce1   Thumb Code    14  stm32g0xx_hal_adc.o(i.LL_ADC_IsInternalRegulatorEnabled)
    i.LL_ADC_REG_IsConversionOngoing         0x08003cee   Section        0  stm32g0xx_hal_adc.o(i.LL_ADC_REG_IsConversionOngoing)
    LL_ADC_REG_IsConversionOngoing           0x08003cef   Thumb Code    12  stm32g0xx_hal_adc.o(i.LL_ADC_REG_IsConversionOngoing)
    i.LL_ADC_REG_IsTriggerSourceSWStart      0x08003cfa   Section        0  stm32g0xx_hal_adc.o(i.LL_ADC_REG_IsTriggerSourceSWStart)
    LL_ADC_REG_IsTriggerSourceSWStart        0x08003cfb   Thumb Code    22  stm32g0xx_hal_adc.o(i.LL_ADC_REG_IsTriggerSourceSWStart)
    i.LL_ADC_REG_StartConversion             0x08003d10   Section        0  stm32g0xx_hal_adc.o(i.LL_ADC_REG_StartConversion)
    LL_ADC_REG_StartConversion               0x08003d11   Thumb Code    12  stm32g0xx_hal_adc.o(i.LL_ADC_REG_StartConversion)
    i.LL_ADC_SetCommonPathInternalCh         0x08003d20   Section        0  stm32g0xx_hal_adc.o(i.LL_ADC_SetCommonPathInternalCh)
    LL_ADC_SetCommonPathInternalCh           0x08003d21   Thumb Code    14  stm32g0xx_hal_adc.o(i.LL_ADC_SetCommonPathInternalCh)
    i.LL_ADC_SetSamplingTimeCommonChannels   0x08003d2e   Section        0  stm32g0xx_hal_adc.o(i.LL_ADC_SetSamplingTimeCommonChannels)
    LL_ADC_SetSamplingTimeCommonChannels     0x08003d2f   Thumb Code    30  stm32g0xx_hal_adc.o(i.LL_ADC_SetSamplingTimeCommonChannels)
    i.MX_ADC1_Init                           0x08003d4c   Section        0  adc.o(i.MX_ADC1_Init)
    i.MX_DMA_Init                            0x08003df0   Section        0  dma.o(i.MX_DMA_Init)
    i.MX_GPIO_Init                           0x08003e24   Section        0  gpio.o(i.MX_GPIO_Init)
    i.MX_IWDG_Init                           0x08003f50   Section        0  iwdg.o(i.MX_IWDG_Init)
    i.MX_TIM17_Init                          0x08003f80   Section        0  tim.o(i.MX_TIM17_Init)
    i.MX_TIM1_Init                           0x08003fb8   Section        0  tim.o(i.MX_TIM1_Init)
    i.MX_USART2_UART_Init                    0x080040c0   Section        0  usart.o(i.MX_USART2_UART_Init)
    i.NMI_Handler                            0x08004104   Section        0  stm32g0xx_it.o(i.NMI_Handler)
    i.Params_Load                            0x08004108   Section        0  params.o(i.Params_Load)
    i.Params_RequestSave                     0x08004140   Section        0  params.o(i.Params_RequestSave)
    i.Params_Save                            0x0800415c   Section        0  params.o(i.Params_Save)
    i.Params_SaveTick                        0x080041fc   Section        0  params.o(i.Params_SaveTick)
    i.PendSV_Handler                         0x08004238   Section        0  stm32g0xx_it.o(i.PendSV_Handler)
    i.RS232_Process                          0x0800423c   Section        0  usart.o(i.RS232_Process)
    i.SCL_H                                  0x080048bc   Section        0  ch455g.o(i.SCL_H)
    SCL_H                                    0x080048bd   Thumb Code    14  ch455g.o(i.SCL_H)
    i.SCL_L                                  0x080048d0   Section        0  ch455g.o(i.SCL_L)
    SCL_L                                    0x080048d1   Thumb Code    16  ch455g.o(i.SCL_L)
    i.SDA_H                                  0x080048e4   Section        0  ch455g.o(i.SDA_H)
    SDA_H                                    0x080048e5   Thumb Code    14  ch455g.o(i.SDA_H)
    i.SDA_Input                              0x080048f8   Section        0  ch455g.o(i.SDA_Input)
    SDA_Input                                0x080048f9   Thumb Code    38  ch455g.o(i.SDA_Input)
    i.SDA_L                                  0x08004924   Section        0  ch455g.o(i.SDA_L)
    SDA_L                                    0x08004925   Thumb Code    16  ch455g.o(i.SDA_L)
    i.SDA_Output                             0x08004938   Section        0  ch455g.o(i.SDA_Output)
    SDA_Output                               0x08004939   Thumb Code    38  ch455g.o(i.SDA_Output)
    i.SVC_Handler                            0x08004964   Section        0  stm32g0xx_it.o(i.SVC_Handler)
    i.Set_PWM_Duty                           0x08004968   Section        0  tim.o(i.Set_PWM_Duty)
    i.Set_PWM_En                             0x080049b8   Section        0  tim.o(i.Set_PWM_En)
    i.SysTick_Handler                        0x08004a08   Section        0  stm32g0xx_it.o(i.SysTick_Handler)
    i.SystemClock_Config                     0x08004a20   Section        0  main.o(i.SystemClock_Config)
    i.SystemInit                             0x08004a9c   Section        0  system_stm32g0xx.o(i.SystemInit)
    i.TIM17_IRQHandler                       0x08004aa0   Section        0  stm32g0xx_it.o(i.TIM17_IRQHandler)
    i.TIM_Base_SetConfig                     0x08004ab0   Section        0  stm32g0xx_hal_tim.o(i.TIM_Base_SetConfig)
    i.TIM_CCxChannelCmd                      0x08004b58   Section        0  stm32g0xx_hal_tim.o(i.TIM_CCxChannelCmd)
    i.TIM_OC1_SetConfig                      0x08004b7c   Section        0  stm32g0xx_hal_tim.o(i.TIM_OC1_SetConfig)
    TIM_OC1_SetConfig                        0x08004b7d   Thumb Code   140  stm32g0xx_hal_tim.o(i.TIM_OC1_SetConfig)
    i.TIM_OC2_SetConfig                      0x08004c18   Section        0  stm32g0xx_hal_tim.o(i.TIM_OC2_SetConfig)
    i.TIM_OC3_SetConfig                      0x08004cc4   Section        0  stm32g0xx_hal_tim.o(i.TIM_OC3_SetConfig)
    TIM_OC3_SetConfig                        0x08004cc5   Thumb Code   152  stm32g0xx_hal_tim.o(i.TIM_OC3_SetConfig)
    i.TIM_OC4_SetConfig                      0x08004d6c   Section        0  stm32g0xx_hal_tim.o(i.TIM_OC4_SetConfig)
    TIM_OC4_SetConfig                        0x08004d6d   Thumb Code   100  stm32g0xx_hal_tim.o(i.TIM_OC4_SetConfig)
    i.TIM_OC5_SetConfig                      0x08004de0   Section        0  stm32g0xx_hal_tim.o(i.TIM_OC5_SetConfig)
    TIM_OC5_SetConfig                        0x08004de1   Thumb Code    86  stm32g0xx_hal_tim.o(i.TIM_OC5_SetConfig)
    i.TIM_OC6_SetConfig                      0x08004e48   Section        0  stm32g0xx_hal_tim.o(i.TIM_OC6_SetConfig)
    TIM_OC6_SetConfig                        0x08004e49   Thumb Code    88  stm32g0xx_hal_tim.o(i.TIM_OC6_SetConfig)
    i.Trigger_EXTI_Callback                  0x08004eb0   Section        0  trigger.o(i.Trigger_EXTI_Callback)
    i.Trigger_Init                           0x08004f2c   Section        0  trigger.o(i.Trigger_Init)
    i.Trigger_Process                        0x08004f78   Section        0  trigger.o(i.Trigger_Process)
    i.Trigger_Rising_Callback                0x0800502c   Section        0  trigger.o(i.Trigger_Rising_Callback)
    i.UART_AdvFeatureConfig                  0x08005068   Section        0  stm32g0xx_hal_uart.o(i.UART_AdvFeatureConfig)
    i.UART_CheckIdleState                    0x08005158   Section        0  stm32g0xx_hal_uart.o(i.UART_CheckIdleState)
    i.UART_DMAAbortOnError                   0x0800525c   Section        0  stm32g0xx_hal_uart.o(i.UART_DMAAbortOnError)
    UART_DMAAbortOnError                     0x0800525d   Thumb Code    14  stm32g0xx_hal_uart.o(i.UART_DMAAbortOnError)
    i.UART_EndRxTransfer                     0x0800526c   Section        0  stm32g0xx_hal_uart.o(i.UART_EndRxTransfer)
    UART_EndRxTransfer                       0x0800526d   Thumb Code   128  stm32g0xx_hal_uart.o(i.UART_EndRxTransfer)
    i.UART_EndTransmit_IT                    0x080052f0   Section        0  stm32g0xx_hal_uart.o(i.UART_EndTransmit_IT)
    UART_EndTransmit_IT                      0x080052f1   Thumb Code    56  stm32g0xx_hal_uart.o(i.UART_EndTransmit_IT)
    i.UART_RxISR_16BIT                       0x08005328   Section        0  stm32g0xx_hal_uart.o(i.UART_RxISR_16BIT)
    UART_RxISR_16BIT                         0x08005329   Thumb Code   284  stm32g0xx_hal_uart.o(i.UART_RxISR_16BIT)
    i.UART_RxISR_16BIT_FIFOEN                0x08005444   Section        0  stm32g0xx_hal_uart.o(i.UART_RxISR_16BIT_FIFOEN)
    UART_RxISR_16BIT_FIFOEN                  0x08005445   Thumb Code   572  stm32g0xx_hal_uart.o(i.UART_RxISR_16BIT_FIFOEN)
    i.UART_RxISR_8BIT                        0x08005688   Section        0  stm32g0xx_hal_uart.o(i.UART_RxISR_8BIT)
    UART_RxISR_8BIT                          0x08005689   Thumb Code   284  stm32g0xx_hal_uart.o(i.UART_RxISR_8BIT)
    i.UART_RxISR_8BIT_FIFOEN                 0x080057a4   Section        0  stm32g0xx_hal_uart.o(i.UART_RxISR_8BIT_FIFOEN)
    UART_RxISR_8BIT_FIFOEN                   0x080057a5   Thumb Code   570  stm32g0xx_hal_uart.o(i.UART_RxISR_8BIT_FIFOEN)
    i.UART_Send                              0x080059e8   Section        0  usart.o(i.UART_Send)
    i.UART_SetConfig                         0x08005a08   Section        0  stm32g0xx_hal_uart.o(i.UART_SetConfig)
    i.UART_Start_Receive_IT                  0x08005bec   Section        0  stm32g0xx_hal_uart.o(i.UART_Start_Receive_IT)
    i.UART_WaitOnFlagUntilTimeout            0x08005d8c   Section        0  stm32g0xx_hal_uart.o(i.UART_WaitOnFlagUntilTimeout)
    i.USART2_IRQHandler                      0x08005e40   Section        0  stm32g0xx_it.o(i.USART2_IRQHandler)
    i.__ARM_common_switch8                   0x08005e50   Section        0  ch455g.o(i.__ARM_common_switch8)
    i.__NVIC_SetPriority                     0x08005e6c   Section        0  stm32g0xx_hal_cortex.o(i.__NVIC_SetPriority)
    __NVIC_SetPriority                       0x08005e6d   Thumb Code   110  stm32g0xx_hal_cortex.o(i.__NVIC_SetPriority)
    i.__get_PRIMASK                          0x08005ee4   Section        0  stm32g0xx_hal_uart.o(i.__get_PRIMASK)
    __get_PRIMASK                            0x08005ee5   Thumb Code     6  stm32g0xx_hal_uart.o(i.__get_PRIMASK)
    i.__get_PRIMASK                          0x08005eea   Section        0  stm32g0xx_hal_uart_ex.o(i.__get_PRIMASK)
    __get_PRIMASK                            0x08005eeb   Thumb Code     6  stm32g0xx_hal_uart_ex.o(i.__get_PRIMASK)
    i.__set_PRIMASK                          0x08005ef0   Section        0  stm32g0xx_hal_uart.o(i.__set_PRIMASK)
    __set_PRIMASK                            0x08005ef1   Thumb Code     6  stm32g0xx_hal_uart.o(i.__set_PRIMASK)
    i.__set_PRIMASK                          0x08005ef6   Section        0  stm32g0xx_hal_uart_ex.o(i.__set_PRIMASK)
    __set_PRIMASK                            0x08005ef7   Thumb Code     6  stm32g0xx_hal_uart_ex.o(i.__set_PRIMASK)
    i._sys_exit                              0x08005efc   Section        0  usart.o(i._sys_exit)
    i.btn_update                             0x08005f00   Section        0  buttons.o(i.btn_update)
    btn_update                               0x08005f01   Thumb Code   474  buttons.o(i.btn_update)
    i.ch455g_write                           0x08006100   Section        0  ch455g.o(i.ch455g_write)
    i.delay_us                               0x0800612c   Section        0  ch455g.o(i.delay_us)
    delay_us                                 0x0800612d   Thumb Code    32  ch455g.o(i.delay_us)
    i.do_adjust                              0x08006154   Section        0  buttons.o(i.do_adjust)
    do_adjust                                0x08006155   Thumb Code   558  buttons.o(i.do_adjust)
    i.fmt3                                   0x08006394   Section        0  usart.o(i.fmt3)
    fmt3                                     0x08006395   Thumb Code    72  usart.o(i.fmt3)
    i.i2c_start                              0x080063e0   Section        0  ch455g.o(i.i2c_start)
    i2c_start                                0x080063e1   Thumb Code    36  ch455g.o(i.i2c_start)
    i.i2c_stop                               0x08006404   Section        0  ch455g.o(i.i2c_stop)
    i2c_stop                                 0x08006405   Thumb Code    42  ch455g.o(i.i2c_stop)
    i.i2c_write_byte                         0x0800642e   Section        0  ch455g.o(i.i2c_write_byte)
    i2c_write_byte                           0x0800642f   Thumb Code    92  ch455g.o(i.i2c_write_byte)
    i.main                                   0x0800648c   Section        0  main.o(i.main)
    i.trig_read                              0x08006738   Section        0  trigger.o(i.trig_read)
    trig_read                                0x08006739   Thumb Code    36  trigger.o(i.trig_read)
    x$fpl$fadd                               0x08006760   Section      140  faddsub.o(x$fpl$fadd)
    _fadd1                                   0x0800676d   Thumb Code     0  faddsub.o(x$fpl$fadd)
    x$fpl$fmul                               0x080067ec   Section      176  fmul.o(x$fpl$fmul)
    x$fpl$fsub                               0x0800689c   Section      208  faddsub.o(x$fpl$fsub)
    _fsub1                                   0x080068a9   Thumb Code     0  faddsub.o(x$fpl$fsub)
    .constdata                               0x0800696c   Section       15  ch455g.o(.constdata)
    x$fpl$usenofp                            0x0800696c   Section        0  usenofp.o(x$fpl$usenofp)
    CHANNEL_OFFSET_TAB                       0x0800696c   Data           5  ch455g.o(.constdata)
    seg_font                                 0x08006971   Data          10  ch455g.o(.constdata)
    .constdata                               0x0800697c   Section       40  params.o(.constdata)
    CHANNEL_OFFSET_TAB                       0x0800697c   Data           5  params.o(.constdata)
    seg_font                                 0x08006981   Data          10  params.o(.constdata)
    default_params                           0x0800698c   Data          24  params.o(.constdata)
    .constdata                               0x080069a4   Section       24  trigger.o(.constdata)
    CHANNEL_OFFSET_TAB                       0x080069a4   Data           5  trigger.o(.constdata)
    seg_font                                 0x080069a9   Data          10  trigger.o(.constdata)
    .constdata                               0x080069bc   Section       30  stm32g0xx_hal_uart.o(.constdata)
    CHANNEL_OFFSET_TAB                       0x080069bc   Data           5  stm32g0xx_hal_uart.o(.constdata)
    .constdata                               0x080069dc   Section      104  system_stm32g0xx.o(.constdata)
    CHANNEL_OFFSET_TAB                       0x080069dc   Data           5  system_stm32g0xx.o(.constdata)
    .constdata                               0x08006a44   Section       64  fdiv.o(.constdata)
    fdiv_tab                                 0x08006a44   Data          64  fdiv.o(.constdata)
    .data                                    0x20000000   Section       40  params.o(.data)
    save_requested                           0x20000020   Data           1  params.o(.data)
    save_tick                                0x20000024   Data           4  params.o(.data)
    .data                                    0x20000028   Section        9  trigger.o(.data)
    pulse_active                             0x20000029   Data           4  trigger.o(.data)
    trig_prev                                0x2000002d   Data           4  trigger.o(.data)
    .data                                    0x20000034   Section       52  buttons.o(.data)
    btn_l                                    0x20000034   Data          16  buttons.o(.data)
    btn_m                                    0x20000044   Data          16  buttons.o(.data)
    btn_r                                    0x20000054   Data          16  buttons.o(.data)
    in_pulse_mode                            0x20000066   Data           1  buttons.o(.data)
    btn_l_long_trig                          0x20000067   Data           1  buttons.o(.data)
    .data                                    0x20000068   Section       20  main.o(.data)
    fault_count                              0x20000070   Data           4  main.o(.data)
    Vault_count                              0x20000074   Data           4  main.o(.data)
    .data                                    0x2000007c   Section        8  usart.o(.data)
    rx_idx                                   0x2000007c   Data           1  usart.o(.data)
    rx_byte                                  0x2000007d   Data           1  usart.o(.data)
    .data                                    0x20000084   Section        9  stm32g0xx_hal.o(.data)
    .data                                    0x20000090   Section        4  system_stm32g0xx.o(.data)
    .bss                                     0x20000094   Section       16  params.o(.bss)
    EraseInitStruct                          0x20000094   Data          16  params.o(.bss)
    .bss                                     0x200000a4   Section       16  trigger.o(.bss)
    pulse_start                              0x200000a4   Data          16  trigger.o(.bss)
    .bss                                     0x200000b4   Section      256  adc.o(.bss)
    .bss                                     0x200001b4   Section       16  iwdg.o(.bss)
    .bss                                     0x200001c4   Section      152  tim.o(.bss)
    .bss                                     0x2000025c   Section      212  usart.o(.bss)
    .bss                                     0x20000330   Section       28  stm32g0xx_hal_flash.o(.bss)
    .bss                                     0x2000034c   Section       96  libspace.o(.bss)
    HEAP                                     0x200003b0   Section      512  startup_stm32g030xx.o(HEAP)
    Heap_Mem                                 0x200003b0   Data         512  startup_stm32g030xx.o(HEAP)
    STACK                                    0x200005b0   Section     1024  startup_stm32g030xx.o(STACK)
    Stack_Mem                                0x200005b0   Data        1024  startup_stm32g030xx.o(STACK)
    __initial_sp                             0x200009b0   Data           0  startup_stm32g030xx.o(STACK)

    Global Symbols

    Symbol Name                              Value     Ov Type        Size  Object(Section)

    BuildAttributes$$THM_ISAv3M$S$PE$A:L22$X:L11$S22$IEEE1$IW$USESV6$~STKCKD$USESV7$~SHL$OSPACE$ROPI$EBA8$UX$STANDARDLIB$REQ8$PRES8$EABIv2 0x00000000   Number         0  anon$$obj.o ABSOLUTE
    __ARM_use_no_argv                        0x00000000   Number         0  main.o ABSOLUTE
    __ARM_exceptions_init                     - Undefined Weak Reference
    __alloca_initialize                       - Undefined Weak Reference
    __arm_preinit_                            - Undefined Weak Reference
    __cpp_initialize__aeabi_                  - Undefined Weak Reference
    __cxa_finalize                            - Undefined Weak Reference
    __rt_locale                               - Undefined Weak Reference
    __sigvec_lookup                           - Undefined Weak Reference
    _atexit_init                              - Undefined Weak Reference
    _call_atexit_fns                          - Undefined Weak Reference
    _clock_init                               - Undefined Weak Reference
    _fp_trap_init                             - Undefined Weak Reference
    _fp_trap_shutdown                         - Undefined Weak Reference
    _get_lc_collate                           - Undefined Weak Reference
    _get_lc_ctype                             - Undefined Weak Reference
    _get_lc_monetary                          - Undefined Weak Reference
    _get_lc_numeric                           - Undefined Weak Reference
    _get_lc_time                              - Undefined Weak Reference
    _getenv_init                              - Undefined Weak Reference
    _handle_redirection                       - Undefined Weak Reference
    _init_alloc                               - Undefined Weak Reference
    _init_user_alloc                          - Undefined Weak Reference
    _initio                                   - Undefined Weak Reference
    _mutex_acquire                            - Undefined Weak Reference
    _mutex_release                            - Undefined Weak Reference
    _printf_mbtowc                            - Undefined Weak Reference
    _printf_post_padding                      - Undefined Weak Reference
    _printf_pre_padding                       - Undefined Weak Reference
    _printf_truncate_signed                   - Undefined Weak Reference
    _printf_truncate_unsigned                 - Undefined Weak Reference
    _rand_init                                - Undefined Weak Reference
    _signal_finish                            - Undefined Weak Reference
    _signal_init                              - Undefined Weak Reference
    _terminate_alloc                          - Undefined Weak Reference
    _terminate_user_alloc                     - Undefined Weak Reference
    _terminateio                              - Undefined Weak Reference
    __Vectors_Size                           0x000000c0   Number         0  startup_stm32g030xx.o ABSOLUTE
    __Vectors                                0x08000000   Data           4  startup_stm32g030xx.o(RESET)
    __Vectors_End                            0x080000c0   Data           0  startup_stm32g030xx.o(RESET)
    __main                                   0x080000c1   Thumb Code     8  __main.o(!!!main)
    __scatterload                            0x080000c9   Thumb Code     0  __scatter.o(!!!scatter)
    __scatterload_rt2                        0x080000c9   Thumb Code    52  __scatter.o(!!!scatter)
    __scatterload_rt2_thumb_only             0x080000c9   Thumb Code     0  __scatter.o(!!!scatter)
    __scatterload_null                       0x080000d9   Thumb Code     0  __scatter.o(!!!scatter)
    __scatterload_copy                       0x08000105   Thumb Code    26  __scatter_copy.o(!!handler_copy)
    __scatterload_zeroinit                   0x08000121   Thumb Code    28  __scatter_zi.o(!!handler_zi)
    _printf_percent                          0x0800013d   Thumb Code     0  _printf_percent.o(.ARM.Collect$$_printf_percent$$00000000)
    _printf_d                                0x0800013f   Thumb Code     0  _printf_d.o(.ARM.Collect$$_printf_percent$$00000009)
    _printf_s                                0x08000149   Thumb Code     0  _printf_s.o(.ARM.Collect$$_printf_percent$$00000014)
    _printf_percent_end                      0x08000153   Thumb Code     0  _printf_percent_end.o(.ARM.Collect$$_printf_percent$$00000017)
    __rt_lib_init                            0x08000157   Thumb Code     0  libinit.o(.ARM.Collect$$libinit$$00000000)
    __rt_lib_init_alloca_1                   0x08000159   Thumb Code     0  libinit2.o(.ARM.Collect$$libinit$$0000002E)
    __rt_lib_init_argv_1                     0x08000159   Thumb Code     0  libinit2.o(.ARM.Collect$$libinit$$0000002C)
    __rt_lib_init_atexit_1                   0x08000159   Thumb Code     0  libinit2.o(.ARM.Collect$$libinit$$0000001B)
    __rt_lib_init_clock_1                    0x08000159   Thumb Code     0  libinit2.o(.ARM.Collect$$libinit$$00000021)
    __rt_lib_init_cpp_1                      0x08000159   Thumb Code     0  libinit2.o(.ARM.Collect$$libinit$$00000032)
    __rt_lib_init_exceptions_1               0x08000159   Thumb Code     0  libinit2.o(.ARM.Collect$$libinit$$00000030)
    __rt_lib_init_fp_1                       0x08000159   Thumb Code     0  libinit2.o(.ARM.Collect$$libinit$$00000002)
    __rt_lib_init_fp_trap_1                  0x08000159   Thumb Code     0  libinit2.o(.ARM.Collect$$libinit$$0000001F)
    __rt_lib_init_getenv_1                   0x08000159   Thumb Code     0  libinit2.o(.ARM.Collect$$libinit$$00000023)
    __rt_lib_init_heap_1                     0x08000159   Thumb Code     0  libinit2.o(.ARM.Collect$$libinit$$0000000A)
    __rt_lib_init_lc_collate_1               0x08000159   Thumb Code     0  libinit2.o(.ARM.Collect$$libinit$$00000011)
    __rt_lib_init_lc_ctype_1                 0x08000159   Thumb Code     0  libinit2.o(.ARM.Collect$$libinit$$00000013)
    __rt_lib_init_lc_monetary_1              0x08000159   Thumb Code     0  libinit2.o(.ARM.Collect$$libinit$$00000015)
    __rt_lib_init_lc_numeric_1               0x08000159   Thumb Code     0  libinit2.o(.ARM.Collect$$libinit$$00000017)
    __rt_lib_init_lc_time_1                  0x08000159   Thumb Code     0  libinit2.o(.ARM.Collect$$libinit$$00000019)
    __rt_lib_init_preinit_1                  0x08000159   Thumb Code     0  libinit2.o(.ARM.Collect$$libinit$$00000004)
    __rt_lib_init_rand_1                     0x08000159   Thumb Code     0  libinit2.o(.ARM.Collect$$libinit$$0000000E)
    __rt_lib_init_return                     0x08000159   Thumb Code     0  libinit2.o(.ARM.Collect$$libinit$$00000033)
    __rt_lib_init_signal_1                   0x08000159   Thumb Code     0  libinit2.o(.ARM.Collect$$libinit$$0000001D)
    __rt_lib_init_stdio_1                    0x08000159   Thumb Code     0  libinit2.o(.ARM.Collect$$libinit$$00000025)
    __rt_lib_init_user_alloc_1               0x08000159   Thumb Code     0  libinit2.o(.ARM.Collect$$libinit$$0000000C)
    __rt_lib_shutdown                        0x0800015b   Thumb Code     0  libshutdown.o(.ARM.Collect$$libshutdown$$00000000)
    __rt_lib_shutdown_cpp_1                  0x0800015d   Thumb Code     0  libshutdown2.o(.ARM.Collect$$libshutdown$$00000002)
    __rt_lib_shutdown_fp_trap_1              0x0800015d   Thumb Code     0  libshutdown2.o(.ARM.Collect$$libshutdown$$00000007)
    __rt_lib_shutdown_heap_1                 0x0800015d   Thumb Code     0  libshutdown2.o(.ARM.Collect$$libshutdown$$0000000F)
    __rt_lib_shutdown_return                 0x0800015d   Thumb Code     0  libshutdown2.o(.ARM.Collect$$libshutdown$$00000010)
    __rt_lib_shutdown_signal_1               0x0800015d   Thumb Code     0  libshutdown2.o(.ARM.Collect$$libshutdown$$0000000A)
    __rt_lib_shutdown_stdio_1                0x0800015d   Thumb Code     0  libshutdown2.o(.ARM.Collect$$libshutdown$$00000004)
    __rt_lib_shutdown_user_alloc_1           0x0800015d   Thumb Code     0  libshutdown2.o(.ARM.Collect$$libshutdown$$0000000C)
    __rt_entry                               0x0800015f   Thumb Code     0  __rtentry.o(.ARM.Collect$$rtentry$$00000000)
    __rt_entry_presh_1                       0x0800015f   Thumb Code     0  __rtentry2.o(.ARM.Collect$$rtentry$$00000002)
    __rt_entry_sh                            0x0800015f   Thumb Code     0  __rtentry4.o(.ARM.Collect$$rtentry$$00000004)
    __rt_entry_li                            0x08000165   Thumb Code     0  __rtentry2.o(.ARM.Collect$$rtentry$$0000000A)
    __rt_entry_postsh_1                      0x08000165   Thumb Code     0  __rtentry2.o(.ARM.Collect$$rtentry$$00000009)
    __rt_entry_main                          0x08000169   Thumb Code     0  __rtentry2.o(.ARM.Collect$$rtentry$$0000000D)
    __rt_entry_postli_1                      0x08000169   Thumb Code     0  __rtentry2.o(.ARM.Collect$$rtentry$$0000000C)
    __rt_exit                                0x08000171   Thumb Code     0  rtexit.o(.ARM.Collect$$rtexit$$00000000)
    __rt_exit_ls                             0x08000173   Thumb Code     0  rtexit2.o(.ARM.Collect$$rtexit$$00000003)
    __rt_exit_prels_1                        0x08000173   Thumb Code     0  rtexit2.o(.ARM.Collect$$rtexit$$00000002)
    __rt_exit_exit                           0x08000177   Thumb Code     0  rtexit2.o(.ARM.Collect$$rtexit$$00000004)
    __aeabi_memcpy4                          0x0800017d   Thumb Code    56  rt_memcpy.o(.emb_text)
    __aeabi_memcpy8                          0x0800017d   Thumb Code     0  rt_memcpy.o(.emb_text)
    Reset_Handler                            0x080001b5   Thumb Code     8  startup_stm32g030xx.o(.text)
    ADC1_IRQHandler                          0x080001c7   Thumb Code     0  startup_stm32g030xx.o(.text)
    DMA1_Ch4_5_DMAMUX1_OVR_IRQHandler        0x080001c7   Thumb Code     0  startup_stm32g030xx.o(.text)
    DMA1_Channel2_3_IRQHandler               0x080001c7   Thumb Code     0  startup_stm32g030xx.o(.text)
    EXTI0_1_IRQHandler                       0x080001c7   Thumb Code     0  startup_stm32g030xx.o(.text)
    EXTI2_3_IRQHandler                       0x080001c7   Thumb Code     0  startup_stm32g030xx.o(.text)
    FLASH_IRQHandler                         0x080001c7   Thumb Code     0  startup_stm32g030xx.o(.text)
    I2C1_IRQHandler                          0x080001c7   Thumb Code     0  startup_stm32g030xx.o(.text)
    I2C2_IRQHandler                          0x080001c7   Thumb Code     0  startup_stm32g030xx.o(.text)
    RCC_IRQHandler                           0x080001c7   Thumb Code     0  startup_stm32g030xx.o(.text)
    RTC_TAMP_IRQHandler                      0x080001c7   Thumb Code     0  startup_stm32g030xx.o(.text)
    SPI1_IRQHandler                          0x080001c7   Thumb Code     0  startup_stm32g030xx.o(.text)
    SPI2_IRQHandler                          0x080001c7   Thumb Code     0  startup_stm32g030xx.o(.text)
    TIM14_IRQHandler                         0x080001c7   Thumb Code     0  startup_stm32g030xx.o(.text)
    TIM16_IRQHandler                         0x080001c7   Thumb Code     0  startup_stm32g030xx.o(.text)
    TIM1_BRK_UP_TRG_COM_IRQHandler           0x080001c7   Thumb Code     0  startup_stm32g030xx.o(.text)
    TIM1_CC_IRQHandler                       0x080001c7   Thumb Code     0  startup_stm32g030xx.o(.text)
    TIM3_IRQHandler                          0x080001c7   Thumb Code     0  startup_stm32g030xx.o(.text)
    USART1_IRQHandler                        0x080001c7   Thumb Code     0  startup_stm32g030xx.o(.text)
    WWDG_IRQHandler                          0x080001c7   Thumb Code     0  startup_stm32g030xx.o(.text)
    __user_initial_stackheap                 0x080001c9   Thumb Code     0  startup_stm32g030xx.o(.text)
    __use_no_semihosting                     0x080001ed   Thumb Code     2  use_no_semi_2.o(.text)
    __2snprintf                              0x080001f1   Thumb Code    50  noretval__2snprintf.o(.text)
    __printf                                 0x08000229   Thumb Code   108  __printf.o(.text)
    _printf_str                              0x08000295   Thumb Code    82  _printf_str.o(.text)
    _printf_int_dec                          0x080002e9   Thumb Code    90  _printf_dec.o(.text)
    strlen                                   0x08000355   Thumb Code    62  strlen.o(.text)
    __aeabi_memcpy                           0x08000399   Thumb Code   130  rt_memcpy.o(.text)
    __rt_memcpy                              0x08000399   Thumb Code     0  rt_memcpy.o(.text)
    _memset_w                                0x0800041b   Thumb Code    26  rt_memclr.o(.text)
    _memset                                  0x08000435   Thumb Code    30  rt_memclr.o(.text)
    __aeabi_memclr                           0x08000453   Thumb Code     4  rt_memclr.o(.text)
    __rt_memclr                              0x08000453   Thumb Code     0  rt_memclr.o(.text)
    __aeabi_memclr4                          0x08000457   Thumb Code     0  rt_memclr.o(.text)
    __aeabi_memclr8                          0x08000457   Thumb Code     0  rt_memclr.o(.text)
    __rt_memclr_w                            0x08000457   Thumb Code     4  rt_memclr.o(.text)
    __aeabi_uidiv                            0x0800045b   Thumb Code     0  aeabi_sdiv.o(.text)
    __aeabi_uidivmod                         0x0800045b   Thumb Code    20  aeabi_sdiv.o(.text)
    __aeabi_idiv                             0x0800046f   Thumb Code     0  aeabi_sdiv.o(.text)
    __aeabi_idivmod                          0x0800046f   Thumb Code   326  aeabi_sdiv.o(.text)
    __use_two_region_memory                  0x080005b5   Thumb Code     2  heapauxi.o(.text)
    __rt_heap_escrow$2region                 0x080005b7   Thumb Code     2  heapauxi.o(.text)
    __rt_heap_expand$2region                 0x080005b9   Thumb Code     2  heapauxi.o(.text)
    __aeabi_fdiv                             0x080005bd   Thumb Code     0  fdiv.o(.text)
    _fdiv                                    0x080005bd   Thumb Code   334  fdiv.o(.text)
    _frdiv                                   0x0800070b   Thumb Code     8  fdiv.o(.text)
    __aeabi_f2uiz                            0x0800071d   Thumb Code     0  ffixui.o(.text)
    _ffixu                                   0x0800071d   Thumb Code    48  ffixui.o(.text)
    __aeabi_i2f_normalise                    0x0800074d   Thumb Code    72  fflti.o(.text)
    __aeabi_i2f                              0x08000795   Thumb Code    16  fflti.o(.text)
    _fflt                                    0x08000795   Thumb Code     0  fflti.o(.text)
    __aeabi_ui2f                             0x080007a5   Thumb Code     6  fflti.o(.text)
    _ffltu                                   0x080007a5   Thumb Code     0  fflti.o(.text)
    __I$use$semihosting                      0x080007ab   Thumb Code     0  use_no_semi.o(.text)
    __use_no_semihosting_swi                 0x080007ab   Thumb Code     2  use_no_semi.o(.text)
    _printf_int_common                       0x080007ad   Thumb Code   176  _printf_intcommon.o(.text)
    _printf_char_common                      0x08000867   Thumb Code    32  _printf_char_common.o(.text)
    _sputc                                   0x0800088d   Thumb Code    10  _sputc.o(.text)
    _snputc                                  0x08000897   Thumb Code    16  _snputc.o(.text)
    _printf_cs_common                        0x080008a7   Thumb Code    22  _printf_char.o(.text)
    _printf_char                             0x080008bd   Thumb Code    16  _printf_char.o(.text)
    _printf_string                           0x080008cd   Thumb Code     8  _printf_char.o(.text)
    __rt_udiv10                              0x080008d5   Thumb Code    40  rtudiv10.o(.text)
    __user_setup_stackheap                   0x080008fd   Thumb Code    62  sys_stackheap_outer.o(.text)
    exit                                     0x0800093b   Thumb Code    16  exit.o(.text)
    __user_libspace                          0x0800094d   Thumb Code     8  libspace.o(.text)
    __user_perproc_libspace                  0x0800094d   Thumb Code     0  libspace.o(.text)
    __user_perthread_libspace                0x0800094d   Thumb Code     0  libspace.o(.text)
    ADC_Disable                              0x08000a11   Thumb Code   138  stm32g0xx_hal_adc.o(i.ADC_Disable)
    ADC_Enable                               0x08000a9d   Thumb Code   200  stm32g0xx_hal_adc.o(i.ADC_Enable)
    ADC_FIT                                  0x08000b75   Thumb Code   122  adc.o(i.ADC_FIT)
    Buttons_Init                             0x08000c01   Thumb Code   104  buttons.o(i.Buttons_Init)
    Buttons_Process                          0x08000c7d   Thumb Code    22  buttons.o(i.Buttons_Process)
    CH455G_DisplayNumber                     0x08000ca1   Thumb Code   168  ch455g.o(i.CH455G_DisplayNumber)
    CH455G_DisplayUpdate                     0x08000d51   Thumb Code   242  ch455g.o(i.CH455G_DisplayUpdate)
    CH455G_Init                              0x08000e51   Thumb Code    60  ch455g.o(i.CH455G_Init)
    DMA1_Channel1_IRQHandler                 0x08000e95   Thumb Code    10  stm32g0xx_it.o(i.DMA1_Channel1_IRQHandler)
    EXTI4_15_IRQHandler                      0x08000f4d   Thumb Code    28  stm32g0xx_it.o(i.EXTI4_15_IRQHandler)
    Error_Handler                            0x08000f69   Thumb Code     6  main.o(i.Error_Handler)
    FLASH_PageErase                          0x08000f89   Thumb Code    32  stm32g0xx_hal_flash_ex.o(i.FLASH_PageErase)
    FLASH_WaitForLastOperation               0x0800102d   Thumb Code   114  stm32g0xx_hal_flash.o(i.FLASH_WaitForLastOperation)
    HAL_ADCEx_Calibration_Start              0x080010b9   Thumb Code   428  stm32g0xx_hal_adc_ex.o(i.HAL_ADCEx_Calibration_Start)
    HAL_ADC_ConfigChannel                    0x08001275   Thumb Code   838  stm32g0xx_hal_adc.o(i.HAL_ADC_ConfigChannel)
    HAL_ADC_ConvCpltCallback                 0x080015d9   Thumb Code     2  stm32g0xx_hal_adc.o(i.HAL_ADC_ConvCpltCallback)
    HAL_ADC_ConvHalfCpltCallback             0x080015db   Thumb Code     2  stm32g0xx_hal_adc.o(i.HAL_ADC_ConvHalfCpltCallback)
    HAL_ADC_ErrorCallback                    0x080015dd   Thumb Code     2  stm32g0xx_hal_adc.o(i.HAL_ADC_ErrorCallback)
    HAL_ADC_Init                             0x080015e1   Thumb Code   634  stm32g0xx_hal_adc.o(i.HAL_ADC_Init)
    HAL_ADC_MspInit                          0x08001879   Thumb Code   172  adc.o(i.HAL_ADC_MspInit)
    HAL_ADC_Start_DMA                        0x08001935   Thumb Code   186  stm32g0xx_hal_adc.o(i.HAL_ADC_Start_DMA)
    HAL_DMA_Abort                            0x08001a01   Thumb Code   146  stm32g0xx_hal_dma.o(i.HAL_DMA_Abort)
    HAL_DMA_Abort_IT                         0x08001a99   Thumb Code   144  stm32g0xx_hal_dma.o(i.HAL_DMA_Abort_IT)
    HAL_DMA_IRQHandler                       0x08001b2d   Thumb Code   282  stm32g0xx_hal_dma.o(i.HAL_DMA_IRQHandler)
    HAL_DMA_Init                             0x08001c4d   Thumb Code   182  stm32g0xx_hal_dma.o(i.HAL_DMA_Init)
    HAL_DMA_Start_IT                         0x08001d0d   Thumb Code   204  stm32g0xx_hal_dma.o(i.HAL_DMA_Start_IT)
    HAL_Delay                                0x08001dd9   Thumb Code    38  stm32g0xx_hal.o(i.HAL_Delay)
    HAL_FLASHEx_Erase                        0x08001e05   Thumb Code   150  stm32g0xx_hal_flash_ex.o(i.HAL_FLASHEx_Erase)
    HAL_FLASH_Lock                           0x08001ea5   Thumb Code    42  stm32g0xx_hal_flash.o(i.HAL_FLASH_Lock)
    HAL_FLASH_Program                        0x08001ed5   Thumb Code   110  stm32g0xx_hal_flash.o(i.HAL_FLASH_Program)
    HAL_FLASH_Unlock                         0x08001f4d   Thumb Code    40  stm32g0xx_hal_flash.o(i.HAL_FLASH_Unlock)
    HAL_GPIO_EXTI_Falling_Callback           0x08001f81   Thumb Code    60  main.o(i.HAL_GPIO_EXTI_Falling_Callback)
    HAL_GPIO_EXTI_IRQHandler                 0x08001fbd   Thumb Code    46  stm32g0xx_hal_gpio.o(i.HAL_GPIO_EXTI_IRQHandler)
    HAL_GPIO_EXTI_Rising_Callback            0x08001ff1   Thumb Code    60  main.o(i.HAL_GPIO_EXTI_Rising_Callback)
    HAL_GPIO_Init                            0x0800202d   Thumb Code   454  stm32g0xx_hal_gpio.o(i.HAL_GPIO_Init)
    HAL_GPIO_ReadPin                         0x08002205   Thumb Code    18  stm32g0xx_hal_gpio.o(i.HAL_GPIO_ReadPin)
    HAL_GPIO_WritePin                        0x08002217   Thumb Code    12  stm32g0xx_hal_gpio.o(i.HAL_GPIO_WritePin)
    HAL_GetTick                              0x08002225   Thumb Code     6  stm32g0xx_hal.o(i.HAL_GetTick)
    HAL_IWDG_Init                            0x08002231   Thumb Code   110  stm32g0xx_hal_iwdg.o(i.HAL_IWDG_Init)
    HAL_IWDG_Refresh                         0x080022ad   Thumb Code    12  stm32g0xx_hal_iwdg.o(i.HAL_IWDG_Refresh)
    HAL_IncTick                              0x080022bd   Thumb Code    16  stm32g0xx_hal.o(i.HAL_IncTick)
    HAL_Init                                 0x080022d5   Thumb Code    40  stm32g0xx_hal.o(i.HAL_Init)
    HAL_InitTick                             0x08002301   Thumb Code    82  stm32g0xx_hal.o(i.HAL_InitTick)
    HAL_MspInit                              0x08002361   Thumb Code    64  stm32g0xx_hal_msp.o(i.HAL_MspInit)
    HAL_NVIC_EnableIRQ                       0x080023a5   Thumb Code    30  stm32g0xx_hal_cortex.o(i.HAL_NVIC_EnableIRQ)
    HAL_NVIC_SetPriority                     0x080023c9   Thumb Code    18  stm32g0xx_hal_cortex.o(i.HAL_NVIC_SetPriority)
    HAL_PWREx_ControlVoltageScaling          0x080023dd   Thumb Code    76  stm32g0xx_hal_pwr_ex.o(i.HAL_PWREx_ControlVoltageScaling)
    HAL_RCC_ClockConfig                      0x08002435   Thumb Code   442  stm32g0xx_hal_rcc.o(i.HAL_RCC_ClockConfig)
    HAL_RCC_GetHCLKFreq                      0x08002609   Thumb Code     6  stm32g0xx_hal_rcc.o(i.HAL_RCC_GetHCLKFreq)
    HAL_RCC_GetPCLK1Freq                     0x08002615   Thumb Code    32  stm32g0xx_hal_rcc.o(i.HAL_RCC_GetPCLK1Freq)
    HAL_RCC_GetSysClockFreq                  0x0800263d   Thumb Code   216  stm32g0xx_hal_rcc.o(i.HAL_RCC_GetSysClockFreq)
    HAL_RCC_OscConfig                        0x08002721   Thumb Code  1434  stm32g0xx_hal_rcc.o(i.HAL_RCC_OscConfig)
    HAL_SYSTICK_Config                       0x08002ccd   Thumb Code    46  stm32g0xx_hal_cortex.o(i.HAL_SYSTICK_Config)
    HAL_TIMEx_Break2Callback                 0x08002d05   Thumb Code     2  stm32g0xx_hal_tim_ex.o(i.HAL_TIMEx_Break2Callback)
    HAL_TIMEx_BreakCallback                  0x08002d07   Thumb Code     2  stm32g0xx_hal_tim_ex.o(i.HAL_TIMEx_BreakCallback)
    HAL_TIMEx_CommutCallback                 0x08002d09   Thumb Code     2  stm32g0xx_hal_tim_ex.o(i.HAL_TIMEx_CommutCallback)
    HAL_TIMEx_ConfigBreakDeadTime            0x08002d0d   Thumb Code   236  stm32g0xx_hal_tim_ex.o(i.HAL_TIMEx_ConfigBreakDeadTime)
    HAL_TIMEx_MasterConfigSynchronization    0x08002dfd   Thumb Code   132  stm32g0xx_hal_tim_ex.o(i.HAL_TIMEx_MasterConfigSynchronization)
    HAL_TIM_Base_Init                        0x08002e89   Thumb Code   108  stm32g0xx_hal_tim.o(i.HAL_TIM_Base_Init)
    HAL_TIM_Base_MspInit                     0x08002ef5   Thumb Code    62  tim.o(i.HAL_TIM_Base_MspInit)
    HAL_TIM_Base_Start_IT                    0x08002f3d   Thumb Code    96  stm32g0xx_hal_tim.o(i.HAL_TIM_Base_Start_IT)
    HAL_TIM_IC_CaptureCallback               0x08002fa9   Thumb Code     2  stm32g0xx_hal_tim.o(i.HAL_TIM_IC_CaptureCallback)
    HAL_TIM_IRQHandler                       0x08002fad   Thumb Code   416  stm32g0xx_hal_tim.o(i.HAL_TIM_IRQHandler)
    HAL_TIM_MspPostInit                      0x08003151   Thumb Code    84  tim.o(i.HAL_TIM_MspPostInit)
    HAL_TIM_OC_DelayElapsedCallback          0x080031ad   Thumb Code     2  stm32g0xx_hal_tim.o(i.HAL_TIM_OC_DelayElapsedCallback)
    HAL_TIM_PWM_ConfigChannel                0x080031af   Thumb Code   378  stm32g0xx_hal_tim.o(i.HAL_TIM_PWM_ConfigChannel)
    HAL_TIM_PWM_Init                         0x08003329   Thumb Code   108  stm32g0xx_hal_tim.o(i.HAL_TIM_PWM_Init)
    HAL_TIM_PWM_MspInit                      0x08003395   Thumb Code    40  tim.o(i.HAL_TIM_PWM_MspInit)
    HAL_TIM_PWM_PulseFinishedCallback        0x080033c5   Thumb Code     2  stm32g0xx_hal_tim.o(i.HAL_TIM_PWM_PulseFinishedCallback)
    HAL_TIM_PWM_Start                        0x080033c9   Thumb Code   256  stm32g0xx_hal_tim.o(i.HAL_TIM_PWM_Start)
    HAL_TIM_PeriodElapsedCallback            0x080034dd   Thumb Code    22  main.o(i.HAL_TIM_PeriodElapsedCallback)
    HAL_TIM_TriggerCallback                  0x080034fd   Thumb Code     2  stm32g0xx_hal_tim.o(i.HAL_TIM_TriggerCallback)
    HAL_UARTEx_ReceiveToIdle_IT              0x080034ff   Thumb Code   132  stm32g0xx_hal_uart_ex.o(i.HAL_UARTEx_ReceiveToIdle_IT)
    HAL_UARTEx_RxEventCallback               0x08003585   Thumb Code    36  main.o(i.HAL_UARTEx_RxEventCallback)
    HAL_UARTEx_RxFifoFullCallback            0x080035bd   Thumb Code     2  stm32g0xx_hal_uart_ex.o(i.HAL_UARTEx_RxFifoFullCallback)
    HAL_UARTEx_TxFifoEmptyCallback           0x080035bf   Thumb Code     2  stm32g0xx_hal_uart_ex.o(i.HAL_UARTEx_TxFifoEmptyCallback)
    HAL_UARTEx_WakeupCallback                0x080035c1   Thumb Code     2  stm32g0xx_hal_uart_ex.o(i.HAL_UARTEx_WakeupCallback)
    HAL_UART_ErrorCallback                   0x080035c5   Thumb Code    42  main.o(i.HAL_UART_ErrorCallback)
    HAL_UART_IRQHandler                      0x080035fd   Thumb Code  1134  stm32g0xx_hal_uart.o(i.HAL_UART_IRQHandler)
    HAL_UART_Init                            0x08003a6b   Thumb Code   130  stm32g0xx_hal_uart.o(i.HAL_UART_Init)
    HAL_UART_MspInit                         0x08003aed   Thumb Code   130  usart.o(i.HAL_UART_MspInit)
    HAL_UART_RxCpltCallback                  0x08003b79   Thumb Code     2  stm32g0xx_hal_uart.o(i.HAL_UART_RxCpltCallback)
    HAL_UART_Transmit                        0x08003b7b   Thumb Code   262  stm32g0xx_hal_uart.o(i.HAL_UART_Transmit)
    HAL_UART_TxCpltCallback                  0x08003c81   Thumb Code     2  stm32g0xx_hal_uart.o(i.HAL_UART_TxCpltCallback)
    HardFault_Handler                        0x08003c83   Thumb Code     4  stm32g0xx_it.o(i.HardFault_Handler)
    MX_ADC1_Init                             0x08003d4d   Thumb Code   150  adc.o(i.MX_ADC1_Init)
    MX_DMA_Init                              0x08003df1   Thumb Code    48  dma.o(i.MX_DMA_Init)
    MX_GPIO_Init                             0x08003e25   Thumb Code   284  gpio.o(i.MX_GPIO_Init)
    MX_IWDG_Init                             0x08003f51   Thumb Code    34  iwdg.o(i.MX_IWDG_Init)
    MX_TIM17_Init                            0x08003f81   Thumb Code    46  tim.o(i.MX_TIM17_Init)
    MX_TIM1_Init                             0x08003fb9   Thumb Code   252  tim.o(i.MX_TIM1_Init)
    MX_USART2_UART_Init                      0x080040c1   Thumb Code    60  usart.o(i.MX_USART2_UART_Init)
    NMI_Handler                              0x08004105   Thumb Code     4  stm32g0xx_it.o(i.NMI_Handler)
    Params_Load                              0x08004109   Thumb Code    40  params.o(i.Params_Load)
    Params_RequestSave                       0x08004141   Thumb Code    16  params.o(i.Params_RequestSave)
    Params_Save                              0x0800415d   Thumb Code   140  params.o(i.Params_Save)
    Params_SaveTick                          0x080041fd   Thumb Code    42  params.o(i.Params_SaveTick)
    PendSV_Handler                           0x08004239   Thumb Code     2  stm32g0xx_it.o(i.PendSV_Handler)
    RS232_Process                            0x0800423d   Thumb Code  1612  usart.o(i.RS232_Process)
    SVC_Handler                              0x08004965   Thumb Code     2  stm32g0xx_it.o(i.SVC_Handler)
    Set_PWM_Duty                             0x08004969   Thumb Code    72  tim.o(i.Set_PWM_Duty)
    Set_PWM_En                               0x080049b9   Thumb Code    76  tim.o(i.Set_PWM_En)
    SysTick_Handler                          0x08004a09   Thumb Code    18  stm32g0xx_it.o(i.SysTick_Handler)
    SystemClock_Config                       0x08004a21   Thumb Code   124  main.o(i.SystemClock_Config)
    SystemInit                               0x08004a9d   Thumb Code     2  system_stm32g0xx.o(i.SystemInit)
    TIM17_IRQHandler                         0x08004aa1   Thumb Code    10  stm32g0xx_it.o(i.TIM17_IRQHandler)
    TIM_Base_SetConfig                       0x08004ab1   Thumb Code   146  stm32g0xx_hal_tim.o(i.TIM_Base_SetConfig)
    TIM_CCxChannelCmd                        0x08004b59   Thumb Code    34  stm32g0xx_hal_tim.o(i.TIM_CCxChannelCmd)
    TIM_OC2_SetConfig                        0x08004c19   Thumb Code   156  stm32g0xx_hal_tim.o(i.TIM_OC2_SetConfig)
    Trigger_EXTI_Callback                    0x08004eb1   Thumb Code   108  trigger.o(i.Trigger_EXTI_Callback)
    Trigger_Init                             0x08004f2d   Thumb Code    64  trigger.o(i.Trigger_Init)
    Trigger_Process                          0x08004f79   Thumb Code   160  trigger.o(i.Trigger_Process)
    Trigger_Rising_Callback                  0x0800502d   Thumb Code    54  trigger.o(i.Trigger_Rising_Callback)
    UART_AdvFeatureConfig                    0x08005069   Thumb Code   240  stm32g0xx_hal_uart.o(i.UART_AdvFeatureConfig)
    UART_CheckIdleState                      0x08005159   Thumb Code   254  stm32g0xx_hal_uart.o(i.UART_CheckIdleState)
    UART_Send                                0x080059e9   Thumb Code    26  usart.o(i.UART_Send)
    UART_SetConfig                           0x08005a09   Thumb Code   452  stm32g0xx_hal_uart.o(i.UART_SetConfig)
    UART_Start_Receive_IT                    0x08005bed   Thumb Code   396  stm32g0xx_hal_uart.o(i.UART_Start_Receive_IT)
    UART_WaitOnFlagUntilTimeout              0x08005d8d   Thumb Code   180  stm32g0xx_hal_uart.o(i.UART_WaitOnFlagUntilTimeout)
    USART2_IRQHandler                        0x08005e41   Thumb Code    10  stm32g0xx_it.o(i.USART2_IRQHandler)
    __ARM_common_switch8                     0x08005e51   Thumb Code    28  ch455g.o(i.__ARM_common_switch8)
    _sys_exit                                0x08005efd   Thumb Code     4  usart.o(i._sys_exit)
    ch455g_write                             0x08006101   Thumb Code    44  ch455g.o(i.ch455g_write)
    main                                     0x0800648d   Thumb Code   618  main.o(i.main)
    __aeabi_fadd                             0x08006761   Thumb Code     0  faddsub.o(x$fpl$fadd)
    _fadd                                    0x08006761   Thumb Code   134  faddsub.o(x$fpl$fadd)
    __aeabi_fmul                             0x080067ed   Thumb Code     0  fmul.o(x$fpl$fmul)
    _fmul                                    0x080067ed   Thumb Code   172  fmul.o(x$fpl$fmul)
    __aeabi_fsub                             0x0800689d   Thumb Code     0  faddsub.o(x$fpl$fsub)
    _fsub                                    0x0800689d   Thumb Code   204  faddsub.o(x$fpl$fsub)
    __I$use$fp                               0x0800696c   Number         0  usenofp.o(x$fpl$usenofp)
    UARTPrescTable                           0x080069c2   Data          24  stm32g0xx_hal_uart.o(.constdata)
    AHBPrescTable                            0x080069e4   Data          64  system_stm32g0xx.o(.constdata)
    APBPrescTable                            0x08006a24   Data          32  system_stm32g0xx.o(.constdata)
    Region$$Table$$Base                      0x08006a84   Number         0  anon$$obj.o(Region$$Table)
    Region$$Table$$Limit                     0x08006aa4   Number         0  anon$$obj.o(Region$$Table)
    FirstPage                                0x20000000   Data           4  params.o(.data)
    NbOfPages                                0x20000004   Data           4  params.o(.data)
    g_params                                 0x20000008   Data          24  params.o(.data)
    mode_0_frist                             0x20000028   Data           1  trigger.o(.data)
    disp_mode                                0x20000064   Data           1  buttons.o(.data)
    cur_channel                              0x20000065   Data           1  buttons.o(.data)
    g_tick_ms                                0x20000068   Data           4  main.o(.data)
    RxMark                                   0x2000006c   Data           1  main.o(.data)
    RxStart                                  0x2000006d   Data           1  main.o(.data)
    Cer_ma                                   0x2000006e   Data           2  main.o(.data)
    g_trig                                   0x20000078   Data           4  main.o(.data)
    __stdout                                 0x20000080   Data           4  usart.o(.data)
    uwTick                                   0x20000084   Data           4  stm32g0xx_hal.o(.data)
    uwTickPrio                               0x20000088   Data           4  stm32g0xx_hal.o(.data)
    uwTickFreq                               0x2000008c   Data           1  stm32g0xx_hal.o(.data)
    SystemCoreClock                          0x20000090   Data           4  system_stm32g0xx.o(.data)
    aADCxConvertedData                       0x200000b4   Data          64  adc.o(.bss)
    hadc1                                    0x200000f4   Data         100  adc.o(.bss)
    hdma_adc1                                0x20000158   Data          92  adc.o(.bss)
    hiwdg                                    0x200001b4   Data          16  iwdg.o(.bss)
    htim1                                    0x200001c4   Data          76  tim.o(.bss)
    htim17                                   0x20000210   Data          76  tim.o(.bss)
    rx_buf                                   0x2000025c   Data          64  usart.o(.bss)
    huart2                                   0x2000029c   Data         148  usart.o(.bss)
    pFlash                                   0x20000330   Data          28  stm32g0xx_hal_flash.o(.bss)
    __libspace_start                         0x2000034c   Data          96  libspace.o(.bss)
    __temporary_stack_top$libspace           0x200003ac   Data           0  libspace.o(.bss)



==============================================================================

Memory Map of the image

  Image Entry point : 0x080000c1

  Load Region LR_IROM1 (Base: 0x08000000, Size: 0x00006b38, Max: 0x00010000, ABSOLUTE)

    Execution Region ER_IROM1 (Exec base: 0x08000000, Load base: 0x08000000, Size: 0x00006aa4, Max: 0x00010000, ABSOLUTE)

    Exec Addr    Load Addr    Size         Type   Attr      Idx    E Section Name        Object

    0x08000000   0x08000000   0x000000c0   Data   RO            3    RESET               startup_stm32g030xx.o
    0x080000c0   0x080000c0   0x00000008   Code   RO         4054  * !!!main             c_p.l(__main.o)
    0x080000c8   0x080000c8   0x0000003c   Code   RO         4258    !!!scatter          c_p.l(__scatter.o)
    0x08000104   0x08000104   0x0000001a   Code   RO         4260    !!handler_copy      c_p.l(__scatter_copy.o)
    0x0800011e   0x0800011e   0x00000002   PAD
    0x08000120   0x08000120   0x0000001c   Code   RO         4262    !!handler_zi        c_p.l(__scatter_zi.o)
    0x0800013c   0x0800013c   0x00000002   Code   RO         4039    .ARM.Collect$$_printf_percent$$00000000  c_p.l(_printf_percent.o)
    0x0800013e   0x0800013e   0x0000000a   Code   RO         4038    .ARM.Collect$$_printf_percent$$00000009  c_p.l(_printf_d.o)
    0x08000148   0x08000148   0x0000000a   Code   RO         4037    .ARM.Collect$$_printf_percent$$00000014  c_p.l(_printf_s.o)
    0x08000152   0x08000152   0x00000004   Code   RO         4090    .ARM.Collect$$_printf_percent$$00000017  c_p.l(_printf_percent_end.o)
    0x08000156   0x08000156   0x00000002   Code   RO         4131    .ARM.Collect$$libinit$$00000000  c_p.l(libinit.o)
    0x08000158   0x08000158   0x00000000   Code   RO         4145    .ARM.Collect$$libinit$$00000002  c_p.l(libinit2.o)
    0x08000158   0x08000158   0x00000000   Code   RO         4147    .ARM.Collect$$libinit$$00000004  c_p.l(libinit2.o)
    0x08000158   0x08000158   0x00000000   Code   RO         4150    .ARM.Collect$$libinit$$0000000A  c_p.l(libinit2.o)
    0x08000158   0x08000158   0x00000000   Code   RO         4152    .ARM.Collect$$libinit$$0000000C  c_p.l(libinit2.o)
    0x08000158   0x08000158   0x00000000   Code   RO         4154    .ARM.Collect$$libinit$$0000000E  c_p.l(libinit2.o)
    0x08000158   0x08000158   0x00000000   Code   RO         4157    .ARM.Collect$$libinit$$00000011  c_p.l(libinit2.o)
    0x08000158   0x08000158   0x00000000   Code   RO         4159    .ARM.Collect$$libinit$$00000013  c_p.l(libinit2.o)
    0x08000158   0x08000158   0x00000000   Code   RO         4161    .ARM.Collect$$libinit$$00000015  c_p.l(libinit2.o)
    0x08000158   0x08000158   0x00000000   Code   RO         4163    .ARM.Collect$$libinit$$00000017  c_p.l(libinit2.o)
    0x08000158   0x08000158   0x00000000   Code   RO         4165    .ARM.Collect$$libinit$$00000019  c_p.l(libinit2.o)
    0x08000158   0x08000158   0x00000000   Code   RO         4167    .ARM.Collect$$libinit$$0000001B  c_p.l(libinit2.o)
    0x08000158   0x08000158   0x00000000   Code   RO         4169    .ARM.Collect$$libinit$$0000001D  c_p.l(libinit2.o)
    0x08000158   0x08000158   0x00000000   Code   RO         4171    .ARM.Collect$$libinit$$0000001F  c_p.l(libinit2.o)
    0x08000158   0x08000158   0x00000000   Code   RO         4173    .ARM.Collect$$libinit$$00000021  c_p.l(libinit2.o)
    0x08000158   0x08000158   0x00000000   Code   RO         4175    .ARM.Collect$$libinit$$00000023  c_p.l(libinit2.o)
    0x08000158   0x08000158   0x00000000   Code   RO         4177    .ARM.Collect$$libinit$$00000025  c_p.l(libinit2.o)
    0x08000158   0x08000158   0x00000000   Code   RO         4181    .ARM.Collect$$libinit$$0000002C  c_p.l(libinit2.o)
    0x08000158   0x08000158   0x00000000   Code   RO         4183    .ARM.Collect$$libinit$$0000002E  c_p.l(libinit2.o)
    0x08000158   0x08000158   0x00000000   Code   RO         4185    .ARM.Collect$$libinit$$00000030  c_p.l(libinit2.o)
    0x08000158   0x08000158   0x00000000   Code   RO         4187    .ARM.Collect$$libinit$$00000032  c_p.l(libinit2.o)
    0x08000158   0x08000158   0x00000002   Code   RO         4188    .ARM.Collect$$libinit$$00000033  c_p.l(libinit2.o)
    0x0800015a   0x0800015a   0x00000002   Code   RO         4214    .ARM.Collect$$libshutdown$$00000000  c_p.l(libshutdown.o)
    0x0800015c   0x0800015c   0x00000000   Code   RO         4241    .ARM.Collect$$libshutdown$$00000002  c_p.l(libshutdown2.o)
    0x0800015c   0x0800015c   0x00000000   Code   RO         4243    .ARM.Collect$$libshutdown$$00000004  c_p.l(libshutdown2.o)
    0x0800015c   0x0800015c   0x00000000   Code   RO         4246    .ARM.Collect$$libshutdown$$00000007  c_p.l(libshutdown2.o)
    0x0800015c   0x0800015c   0x00000000   Code   RO         4249    .ARM.Collect$$libshutdown$$0000000A  c_p.l(libshutdown2.o)
    0x0800015c   0x0800015c   0x00000000   Code   RO         4251    .ARM.Collect$$libshutdown$$0000000C  c_p.l(libshutdown2.o)
    0x0800015c   0x0800015c   0x00000000   Code   RO         4254    .ARM.Collect$$libshutdown$$0000000F  c_p.l(libshutdown2.o)
    0x0800015c   0x0800015c   0x00000002   Code   RO         4255    .ARM.Collect$$libshutdown$$00000010  c_p.l(libshutdown2.o)
    0x0800015e   0x0800015e   0x00000000   Code   RO         4073    .ARM.Collect$$rtentry$$00000000  c_p.l(__rtentry.o)
    0x0800015e   0x0800015e   0x00000000   Code   RO         4095    .ARM.Collect$$rtentry$$00000002  c_p.l(__rtentry2.o)
    0x0800015e   0x0800015e   0x00000006   Code   RO         4107    .ARM.Collect$$rtentry$$00000004  c_p.l(__rtentry4.o)
    0x08000164   0x08000164   0x00000000   Code   RO         4097    .ARM.Collect$$rtentry$$00000009  c_p.l(__rtentry2.o)
    0x08000164   0x08000164   0x00000004   Code   RO         4098    .ARM.Collect$$rtentry$$0000000A  c_p.l(__rtentry2.o)
    0x08000168   0x08000168   0x00000000   Code   RO         4100    .ARM.Collect$$rtentry$$0000000C  c_p.l(__rtentry2.o)
    0x08000168   0x08000168   0x00000008   Code   RO         4101    .ARM.Collect$$rtentry$$0000000D  c_p.l(__rtentry2.o)
    0x08000170   0x08000170   0x00000002   Code   RO         4136    .ARM.Collect$$rtexit$$00000000  c_p.l(rtexit.o)
    0x08000172   0x08000172   0x00000000   Code   RO         4190    .ARM.Collect$$rtexit$$00000002  c_p.l(rtexit2.o)
    0x08000172   0x08000172   0x00000004   Code   RO         4191    .ARM.Collect$$rtexit$$00000003  c_p.l(rtexit2.o)
    0x08000176   0x08000176   0x00000006   Code   RO         4192    .ARM.Collect$$rtexit$$00000004  c_p.l(rtexit2.o)
    0x0800017c   0x0800017c   0x00000038   Code   RO         4042    .emb_text           c_p.l(rt_memcpy.o)
    0x080001b4   0x080001b4   0x00000038   Code   RO            4    .text               startup_stm32g030xx.o
    0x080001ec   0x080001ec   0x00000002   Code   RO         4001    .text               c_p.l(use_no_semi_2.o)
    0x080001ee   0x080001ee   0x00000002   PAD
    0x080001f0   0x080001f0   0x00000038   Code   RO         4009    .text               c_p.l(noretval__2snprintf.o)
    0x08000228   0x08000228   0x0000006c   Code   RO         4011    .text               c_p.l(__printf.o)
    0x08000294   0x08000294   0x00000052   Code   RO         4013    .text               c_p.l(_printf_str.o)
    0x080002e6   0x080002e6   0x00000002   PAD
    0x080002e8   0x080002e8   0x0000006c   Code   RO         4015    .text               c_p.l(_printf_dec.o)
    0x08000354   0x08000354   0x00000044   Code   RO         4040    .text               c_p.l(strlen.o)
    0x08000398   0x08000398   0x00000082   Code   RO         4043    .text               c_p.l(rt_memcpy.o)
    0x0800041a   0x0800041a   0x00000040   Code   RO         4046    .text               c_p.l(rt_memclr.o)
    0x0800045a   0x0800045a   0x0000015a   Code   RO         4048    .text               c_p.l(aeabi_sdiv.o)
    0x080005b4   0x080005b4   0x00000006   Code   RO         4052    .text               c_p.l(heapauxi.o)
    0x080005ba   0x080005ba   0x00000002   PAD
    0x080005bc   0x080005bc   0x00000160   Code   RO         4062    .text               fz_ps.l(fdiv.o)
    0x0800071c   0x0800071c   0x00000030   Code   RO         4065    .text               fz_ps.l(ffixui.o)
    0x0800074c   0x0800074c   0x0000005e   Code   RO         4067    .text               fz_ps.l(fflti.o)
    0x080007aa   0x080007aa   0x00000002   Code   RO         4071    .text               c_p.l(use_no_semi.o)
    0x080007ac   0x080007ac   0x000000b0   Code   RO         4078    .text               c_p.l(_printf_intcommon.o)
    0x0800085c   0x0800085c   0x00000030   Code   RO         4080    .text               c_p.l(_printf_char_common.o)
    0x0800088c   0x0800088c   0x0000000a   Code   RO         4082    .text               c_p.l(_sputc.o)
    0x08000896   0x08000896   0x00000010   Code   RO         4084    .text               c_p.l(_snputc.o)
    0x080008a6   0x080008a6   0x0000002e   Code   RO         4086    .text               c_p.l(_printf_char.o)
    0x080008d4   0x080008d4   0x00000028   Code   RO         4091    .text               c_p.l(rtudiv10.o)
    0x080008fc   0x080008fc   0x0000003e   Code   RO         4117    .text               c_p.l(sys_stackheap_outer.o)
    0x0800093a   0x0800093a   0x00000010   Code   RO         4120    .text               c_p.l(exit.o)
    0x0800094a   0x0800094a   0x00000002   PAD
    0x0800094c   0x0800094c   0x00000008   Code   RO         4132    .text               c_p.l(libspace.o)
    0x08000954   0x08000954   0x00000090   Code   RO          861    i.ADC_DMAConvCplt   stm32g0xx_hal_adc.o
    0x080009e4   0x080009e4   0x0000001e   Code   RO          862    i.ADC_DMAError      stm32g0xx_hal_adc.o
    0x08000a02   0x08000a02   0x0000000e   Code   RO          863    i.ADC_DMAHalfConvCplt  stm32g0xx_hal_adc.o
    0x08000a10   0x08000a10   0x0000008a   Code   RO          864    i.ADC_Disable       stm32g0xx_hal_adc.o
    0x08000a9a   0x08000a9a   0x00000002   PAD
    0x08000a9c   0x08000a9c   0x000000d8   Code   RO          865    i.ADC_Enable        stm32g0xx_hal_adc.o
    0x08000b74   0x08000b74   0x0000008c   Code   RO          510    i.ADC_FIT           adc.o
    0x08000c00   0x08000c00   0x0000007c   Code   RO          366    i.Buttons_Init      buttons.o
    0x08000c7c   0x08000c7c   0x00000024   Code   RO          367    i.Buttons_Process   buttons.o
    0x08000ca0   0x08000ca0   0x000000b0   Code   RO           12    i.CH455G_DisplayNumber  ch455g.o
    0x08000d50   0x08000d50   0x00000100   Code   RO           13    i.CH455G_DisplayUpdate  ch455g.o
    0x08000e50   0x08000e50   0x00000044   Code   RO           14    i.CH455G_Init       ch455g.o
    0x08000e94   0x08000e94   0x00000010   Code   RO          764    i.DMA1_Channel1_IRQHandler  stm32g0xx_it.o
    0x08000ea4   0x08000ea4   0x00000034   Code   RO         1613    i.DMA_CalcDMAMUXChannelBaseAndMask  stm32g0xx_hal_dma.o
    0x08000ed8   0x08000ed8   0x00000028   Code   RO         1614    i.DMA_CalcDMAMUXRequestGenBaseAndMask  stm32g0xx_hal_dma.o
    0x08000f00   0x08000f00   0x0000004c   Code   RO         1615    i.DMA_SetConfig     stm32g0xx_hal_dma.o
    0x08000f4c   0x08000f4c   0x0000001c   Code   RO          765    i.EXTI4_15_IRQHandler  stm32g0xx_it.o
    0x08000f68   0x08000f68   0x00000006   Code   RO          410    i.Error_Handler     main.o
    0x08000f6e   0x08000f6e   0x00000002   PAD
    0x08000f70   0x08000f70   0x00000018   Code   RO         1450    i.FLASH_MassErase   stm32g0xx_hal_flash_ex.o
    0x08000f88   0x08000f88   0x00000028   Code   RO         1456    i.FLASH_PageErase   stm32g0xx_hal_flash_ex.o
    0x08000fb0   0x08000fb0   0x00000028   Code   RO         1343    i.FLASH_Program_DoubleWord  stm32g0xx_hal_flash.o
    0x08000fd8   0x08000fd8   0x00000054   Code   RO         1344    i.FLASH_Program_Fast  stm32g0xx_hal_flash.o
    0x0800102c   0x0800102c   0x00000080   Code   RO         1345    i.FLASH_WaitForLastOperation  stm32g0xx_hal_flash.o
    0x080010ac   0x080010ac   0x0000000c   Code   RO          265    i.GetPage           params.o
    0x080010b8   0x080010b8   0x000001bc   Code   RO         1106    i.HAL_ADCEx_Calibration_Start  stm32g0xx_hal_adc_ex.o
    0x08001274   0x08001274   0x00000364   Code   RO          867    i.HAL_ADC_ConfigChannel  stm32g0xx_hal_adc.o
    0x080015d8   0x080015d8   0x00000002   Code   RO          868    i.HAL_ADC_ConvCpltCallback  stm32g0xx_hal_adc.o
    0x080015da   0x080015da   0x00000002   Code   RO          869    i.HAL_ADC_ConvHalfCpltCallback  stm32g0xx_hal_adc.o
    0x080015dc   0x080015dc   0x00000002   Code   RO          871    i.HAL_ADC_ErrorCallback  stm32g0xx_hal_adc.o
    0x080015de   0x080015de   0x00000002   PAD
    0x080015e0   0x080015e0   0x00000298   Code   RO          876    i.HAL_ADC_Init      stm32g0xx_hal_adc.o
    0x08001878   0x08001878   0x000000bc   Code   RO          512    i.HAL_ADC_MspInit   adc.o
    0x08001934   0x08001934   0x000000cc   Code   RO          883    i.HAL_ADC_Start_DMA  stm32g0xx_hal_adc.o
    0x08001a00   0x08001a00   0x00000098   Code   RO         1616    i.HAL_DMA_Abort     stm32g0xx_hal_dma.o
    0x08001a98   0x08001a98   0x00000094   Code   RO         1617    i.HAL_DMA_Abort_IT  stm32g0xx_hal_dma.o
    0x08001b2c   0x08001b2c   0x00000120   Code   RO         1621    i.HAL_DMA_IRQHandler  stm32g0xx_hal_dma.o
    0x08001c4c   0x08001c4c   0x000000c0   Code   RO         1622    i.HAL_DMA_Init      stm32g0xx_hal_dma.o
    0x08001d0c   0x08001d0c   0x000000cc   Code   RO         1626    i.HAL_DMA_Start_IT  stm32g0xx_hal_dma.o
    0x08001dd8   0x08001dd8   0x0000002c   Code   RO         2093    i.HAL_Delay         stm32g0xx_hal.o
    0x08001e04   0x08001e04   0x000000a0   Code   RO         1457    i.HAL_FLASHEx_Erase  stm32g0xx_hal_flash_ex.o
    0x08001ea4   0x08001ea4   0x00000030   Code   RO         1349    i.HAL_FLASH_Lock    stm32g0xx_hal_flash.o
    0x08001ed4   0x08001ed4   0x00000078   Code   RO         1354    i.HAL_FLASH_Program  stm32g0xx_hal_flash.o
    0x08001f4c   0x08001f4c   0x00000034   Code   RO         1356    i.HAL_FLASH_Unlock  stm32g0xx_hal_flash.o
    0x08001f80   0x08001f80   0x0000003c   Code   RO          411    i.HAL_GPIO_EXTI_Falling_Callback  main.o
    0x08001fbc   0x08001fbc   0x00000034   Code   RO         1545    i.HAL_GPIO_EXTI_IRQHandler  stm32g0xx_hal_gpio.o
    0x08001ff0   0x08001ff0   0x0000003c   Code   RO          412    i.HAL_GPIO_EXTI_Rising_Callback  main.o
    0x0800202c   0x0800202c   0x000001d8   Code   RO         1547    i.HAL_GPIO_Init     stm32g0xx_hal_gpio.o
    0x08002204   0x08002204   0x00000012   Code   RO         1549    i.HAL_GPIO_ReadPin  stm32g0xx_hal_gpio.o
    0x08002216   0x08002216   0x0000000c   Code   RO         1551    i.HAL_GPIO_WritePin  stm32g0xx_hal_gpio.o
    0x08002222   0x08002222   0x00000002   PAD
    0x08002224   0x08002224   0x0000000c   Code   RO         2097    i.HAL_GetTick       stm32g0xx_hal.o
    0x08002230   0x08002230   0x0000007c   Code   RO         2353    i.HAL_IWDG_Init     stm32g0xx_hal_iwdg.o
    0x080022ac   0x080022ac   0x00000010   Code   RO         2354    i.HAL_IWDG_Refresh  stm32g0xx_hal_iwdg.o
    0x080022bc   0x080022bc   0x00000018   Code   RO         2103    i.HAL_IncTick       stm32g0xx_hal.o
    0x080022d4   0x080022d4   0x0000002c   Code   RO         2104    i.HAL_Init          stm32g0xx_hal.o
    0x08002300   0x08002300   0x00000060   Code   RO         2105    i.HAL_InitTick      stm32g0xx_hal.o
    0x08002360   0x08002360   0x00000044   Code   RO          838    i.HAL_MspInit       stm32g0xx_hal_msp.o
    0x080023a4   0x080023a4   0x00000024   Code   RO         1969    i.HAL_NVIC_EnableIRQ  stm32g0xx_hal_cortex.o
    0x080023c8   0x080023c8   0x00000012   Code   RO         1973    i.HAL_NVIC_SetPriority  stm32g0xx_hal_cortex.o
    0x080023da   0x080023da   0x00000002   PAD
    0x080023dc   0x080023dc   0x00000058   Code   RO         1850    i.HAL_PWREx_ControlVoltageScaling  stm32g0xx_hal_pwr_ex.o
    0x08002434   0x08002434   0x000001d4   Code   RO         1180    i.HAL_RCC_ClockConfig  stm32g0xx_hal_rcc.o
    0x08002608   0x08002608   0x0000000c   Code   RO         1186    i.HAL_RCC_GetHCLKFreq  stm32g0xx_hal_rcc.o
    0x08002614   0x08002614   0x00000028   Code   RO         1188    i.HAL_RCC_GetPCLK1Freq  stm32g0xx_hal_rcc.o
    0x0800263c   0x0800263c   0x000000e4   Code   RO         1190    i.HAL_RCC_GetSysClockFreq  stm32g0xx_hal_rcc.o
    0x08002720   0x08002720   0x000005ac   Code   RO         1194    i.HAL_RCC_OscConfig  stm32g0xx_hal_rcc.o
    0x08002ccc   0x08002ccc   0x00000038   Code   RO         1977    i.HAL_SYSTICK_Config  stm32g0xx_hal_cortex.o
    0x08002d04   0x08002d04   0x00000002   Code   RO         3106    i.HAL_TIMEx_Break2Callback  stm32g0xx_hal_tim_ex.o
    0x08002d06   0x08002d06   0x00000002   Code   RO         3107    i.HAL_TIMEx_BreakCallback  stm32g0xx_hal_tim_ex.o
    0x08002d08   0x08002d08   0x00000002   Code   RO         3108    i.HAL_TIMEx_CommutCallback  stm32g0xx_hal_tim_ex.o
    0x08002d0a   0x08002d0a   0x00000002   PAD
    0x08002d0c   0x08002d0c   0x000000f0   Code   RO         3110    i.HAL_TIMEx_ConfigBreakDeadTime  stm32g0xx_hal_tim_ex.o
    0x08002dfc   0x08002dfc   0x0000008c   Code   RO         3129    i.HAL_TIMEx_MasterConfigSynchronization  stm32g0xx_hal_tim_ex.o
    0x08002e88   0x08002e88   0x0000006c   Code   RO         2383    i.HAL_TIM_Base_Init  stm32g0xx_hal_tim.o
    0x08002ef4   0x08002ef4   0x00000048   Code   RO          605    i.HAL_TIM_Base_MspInit  tim.o
    0x08002f3c   0x08002f3c   0x0000006c   Code   RO         2388    i.HAL_TIM_Base_Start_IT  stm32g0xx_hal_tim.o
    0x08002fa8   0x08002fa8   0x00000002   Code   RO         2417    i.HAL_TIM_IC_CaptureCallback  stm32g0xx_hal_tim.o
    0x08002faa   0x08002faa   0x00000002   PAD
    0x08002fac   0x08002fac   0x000001a4   Code   RO         2431    i.HAL_TIM_IRQHandler  stm32g0xx_hal_tim.o
    0x08003150   0x08003150   0x0000005c   Code   RO          606    i.HAL_TIM_MspPostInit  tim.o
    0x080031ac   0x080031ac   0x00000002   Code   RO         2434    i.HAL_TIM_OC_DelayElapsedCallback  stm32g0xx_hal_tim.o
    0x080031ae   0x080031ae   0x0000017a   Code   RO         2455    i.HAL_TIM_PWM_ConfigChannel  stm32g0xx_hal_tim.o
    0x08003328   0x08003328   0x0000006c   Code   RO         2458    i.HAL_TIM_PWM_Init  stm32g0xx_hal_tim.o
    0x08003394   0x08003394   0x00000030   Code   RO          608    i.HAL_TIM_PWM_MspInit  tim.o
    0x080033c4   0x080033c4   0x00000002   Code   RO         2461    i.HAL_TIM_PWM_PulseFinishedCallback  stm32g0xx_hal_tim.o
    0x080033c6   0x080033c6   0x00000002   PAD
    0x080033c8   0x080033c8   0x00000114   Code   RO         2463    i.HAL_TIM_PWM_Start  stm32g0xx_hal_tim.o
    0x080034dc   0x080034dc   0x00000020   Code   RO          413    i.HAL_TIM_PeriodElapsedCallback  main.o
    0x080034fc   0x080034fc   0x00000002   Code   RO         2474    i.HAL_TIM_TriggerCallback  stm32g0xx_hal_tim.o
    0x080034fe   0x080034fe   0x00000084   Code   RO         3845    i.HAL_UARTEx_ReceiveToIdle_IT  stm32g0xx_hal_uart_ex.o
    0x08003582   0x08003582   0x00000002   PAD
    0x08003584   0x08003584   0x00000038   Code   RO          414    i.HAL_UARTEx_RxEventCallback  main.o
    0x080035bc   0x080035bc   0x00000002   Code   RO         3846    i.HAL_UARTEx_RxFifoFullCallback  stm32g0xx_hal_uart_ex.o
    0x080035be   0x080035be   0x00000002   Code   RO         3850    i.HAL_UARTEx_TxFifoEmptyCallback  stm32g0xx_hal_uart_ex.o
    0x080035c0   0x080035c0   0x00000002   Code   RO         3851    i.HAL_UARTEx_WakeupCallback  stm32g0xx_hal_uart_ex.o
    0x080035c2   0x080035c2   0x00000002   PAD
    0x080035c4   0x080035c4   0x00000038   Code   RO          415    i.HAL_UART_ErrorCallback  main.o
    0x080035fc   0x080035fc   0x0000046e   Code   RO         3435    i.HAL_UART_IRQHandler  stm32g0xx_hal_uart.o
    0x08003a6a   0x08003a6a   0x00000082   Code   RO         3436    i.HAL_UART_Init     stm32g0xx_hal_uart.o
    0x08003aec   0x08003aec   0x0000008c   Code   RO          686    i.HAL_UART_MspInit  usart.o
    0x08003b78   0x08003b78   0x00000002   Code   RO         3443    i.HAL_UART_RxCpltCallback  stm32g0xx_hal_uart.o
    0x08003b7a   0x08003b7a   0x00000106   Code   RO         3445    i.HAL_UART_Transmit  stm32g0xx_hal_uart.o
    0x08003c80   0x08003c80   0x00000002   Code   RO         3448    i.HAL_UART_TxCpltCallback  stm32g0xx_hal_uart.o
    0x08003c82   0x08003c82   0x00000004   Code   RO          766    i.HardFault_Handler  stm32g0xx_it.o
    0x08003c86   0x08003c86   0x00000002   PAD
    0x08003c88   0x08003c88   0x00000010   Code   RO          888    i.LL_ADC_Disable    stm32g0xx_hal_adc.o
    0x08003c98   0x08003c98   0x00000010   Code   RO          889    i.LL_ADC_Enable     stm32g0xx_hal_adc.o
    0x08003ca8   0x08003ca8   0x0000000c   Code   RO          890    i.LL_ADC_GetCommonPathInternalCh  stm32g0xx_hal_adc.o
    0x08003cb4   0x08003cb4   0x0000000c   Code   RO          891    i.LL_ADC_IsDisableOngoing  stm32g0xx_hal_adc.o
    0x08003cc0   0x08003cc0   0x00000010   Code   RO          892    i.LL_ADC_IsEnabled  stm32g0xx_hal_adc.o
    0x08003cd0   0x08003cd0   0x00000010   Code   RO         1112    i.LL_ADC_IsEnabled  stm32g0xx_hal_adc_ex.o
    0x08003ce0   0x08003ce0   0x0000000e   Code   RO          893    i.LL_ADC_IsInternalRegulatorEnabled  stm32g0xx_hal_adc.o
    0x08003cee   0x08003cee   0x0000000c   Code   RO          894    i.LL_ADC_REG_IsConversionOngoing  stm32g0xx_hal_adc.o
    0x08003cfa   0x08003cfa   0x00000016   Code   RO          895    i.LL_ADC_REG_IsTriggerSourceSWStart  stm32g0xx_hal_adc.o
    0x08003d10   0x08003d10   0x00000010   Code   RO          896    i.LL_ADC_REG_StartConversion  stm32g0xx_hal_adc.o
    0x08003d20   0x08003d20   0x0000000e   Code   RO          898    i.LL_ADC_SetCommonPathInternalCh  stm32g0xx_hal_adc.o
    0x08003d2e   0x08003d2e   0x0000001e   Code   RO          899    i.LL_ADC_SetSamplingTimeCommonChannels  stm32g0xx_hal_adc.o
    0x08003d4c   0x08003d4c   0x000000a4   Code   RO          513    i.MX_ADC1_Init      adc.o
    0x08003df0   0x08003df0   0x00000034   Code   RO          555    i.MX_DMA_Init       dma.o
    0x08003e24   0x08003e24   0x0000012c   Code   RO          488    i.MX_GPIO_Init      gpio.o
    0x08003f50   0x08003f50   0x00000030   Code   RO          577    i.MX_IWDG_Init      iwdg.o
    0x08003f80   0x08003f80   0x00000038   Code   RO          609    i.MX_TIM17_Init     tim.o
    0x08003fb8   0x08003fb8   0x00000108   Code   RO          610    i.MX_TIM1_Init      tim.o
    0x080040c0   0x080040c0   0x00000044   Code   RO          687    i.MX_USART2_UART_Init  usart.o
    0x08004104   0x08004104   0x00000004   Code   RO          767    i.NMI_Handler       stm32g0xx_it.o
    0x08004108   0x08004108   0x00000038   Code   RO          266    i.Params_Load       params.o
    0x08004140   0x08004140   0x0000001c   Code   RO          267    i.Params_RequestSave  params.o
    0x0800415c   0x0800415c   0x000000a0   Code   RO          268    i.Params_Save       params.o
    0x080041fc   0x080041fc   0x0000003c   Code   RO          269    i.Params_SaveTick   params.o
    0x08004238   0x08004238   0x00000002   Code   RO          768    i.PendSV_Handler    stm32g0xx_it.o
    0x0800423a   0x0800423a   0x00000002   PAD
    0x0800423c   0x0800423c   0x00000680   Code   RO          688    i.RS232_Process     usart.o
    0x080048bc   0x080048bc   0x00000014   Code   RO           16    i.SCL_H             ch455g.o
    0x080048d0   0x080048d0   0x00000014   Code   RO           17    i.SCL_L             ch455g.o
    0x080048e4   0x080048e4   0x00000014   Code   RO           18    i.SDA_H             ch455g.o
    0x080048f8   0x080048f8   0x0000002c   Code   RO           19    i.SDA_Input         ch455g.o
    0x08004924   0x08004924   0x00000014   Code   RO           20    i.SDA_L             ch455g.o
    0x08004938   0x08004938   0x0000002c   Code   RO           21    i.SDA_Output        ch455g.o
    0x08004964   0x08004964   0x00000002   Code   RO          769    i.SVC_Handler       stm32g0xx_it.o
    0x08004966   0x08004966   0x00000002   PAD
    0x08004968   0x08004968   0x00000050   Code   RO          611    i.Set_PWM_Duty      tim.o
    0x080049b8   0x080049b8   0x00000050   Code   RO          612    i.Set_PWM_En        tim.o
    0x08004a08   0x08004a08   0x00000018   Code   RO          770    i.SysTick_Handler   stm32g0xx_it.o
    0x08004a20   0x08004a20   0x0000007c   Code   RO          416    i.SystemClock_Config  main.o
    0x08004a9c   0x08004a9c   0x00000002   Code   RO         3969    i.SystemInit        system_stm32g0xx.o
    0x08004a9e   0x08004a9e   0x00000002   PAD
    0x08004aa0   0x08004aa0   0x00000010   Code   RO          771    i.TIM17_IRQHandler  stm32g0xx_it.o
    0x08004ab0   0x08004ab0   0x000000a8   Code   RO         2476    i.TIM_Base_SetConfig  stm32g0xx_hal_tim.o
    0x08004b58   0x08004b58   0x00000022   Code   RO         2477    i.TIM_CCxChannelCmd  stm32g0xx_hal_tim.o
    0x08004b7a   0x08004b7a   0x00000002   PAD
    0x08004b7c   0x08004b7c   0x0000009c   Code   RO         2489    i.TIM_OC1_SetConfig  stm32g0xx_hal_tim.o
    0x08004c18   0x08004c18   0x000000ac   Code   RO         2490    i.TIM_OC2_SetConfig  stm32g0xx_hal_tim.o
    0x08004cc4   0x08004cc4   0x000000a8   Code   RO         2491    i.TIM_OC3_SetConfig  stm32g0xx_hal_tim.o
    0x08004d6c   0x08004d6c   0x00000074   Code   RO         2492    i.TIM_OC4_SetConfig  stm32g0xx_hal_tim.o
    0x08004de0   0x08004de0   0x00000068   Code   RO         2493    i.TIM_OC5_SetConfig  stm32g0xx_hal_tim.o
    0x08004e48   0x08004e48   0x00000068   Code   RO         2494    i.TIM_OC6_SetConfig  stm32g0xx_hal_tim.o
    0x08004eb0   0x08004eb0   0x0000007c   Code   RO          317    i.Trigger_EXTI_Callback  trigger.o
    0x08004f2c   0x08004f2c   0x0000004c   Code   RO          318    i.Trigger_Init      trigger.o
    0x08004f78   0x08004f78   0x000000b4   Code   RO          319    i.Trigger_Process   trigger.o
    0x0800502c   0x0800502c   0x0000003c   Code   RO          320    i.Trigger_Rising_Callback  trigger.o
    0x08005068   0x08005068   0x000000f0   Code   RO         3450    i.UART_AdvFeatureConfig  stm32g0xx_hal_uart.o
    0x08005158   0x08005158   0x00000104   Code   RO         3451    i.UART_CheckIdleState  stm32g0xx_hal_uart.o
    0x0800525c   0x0800525c   0x0000000e   Code   RO         3452    i.UART_DMAAbortOnError  stm32g0xx_hal_uart.o
    0x0800526a   0x0800526a   0x00000002   PAD
    0x0800526c   0x0800526c   0x00000084   Code   RO         3462    i.UART_EndRxTransfer  stm32g0xx_hal_uart.o
    0x080052f0   0x080052f0   0x00000038   Code   RO         3463    i.UART_EndTransmit_IT  stm32g0xx_hal_uart.o
    0x08005328   0x08005328   0x0000011c   Code   RO         3465    i.UART_RxISR_16BIT  stm32g0xx_hal_uart.o
    0x08005444   0x08005444   0x00000244   Code   RO         3466    i.UART_RxISR_16BIT_FIFOEN  stm32g0xx_hal_uart.o
    0x08005688   0x08005688   0x0000011c   Code   RO         3467    i.UART_RxISR_8BIT   stm32g0xx_hal_uart.o
    0x080057a4   0x080057a4   0x00000244   Code   RO         3468    i.UART_RxISR_8BIT_FIFOEN  stm32g0xx_hal_uart.o
    0x080059e8   0x080059e8   0x00000020   Code   RO          690    i.UART_Send         usart.o
    0x08005a08   0x08005a08   0x000001e4   Code   RO         3469    i.UART_SetConfig    stm32g0xx_hal_uart.o
    0x08005bec   0x08005bec   0x000001a0   Code   RO         3471    i.UART_Start_Receive_IT  stm32g0xx_hal_uart.o
    0x08005d8c   0x08005d8c   0x000000b4   Code   RO         3476    i.UART_WaitOnFlagUntilTimeout  stm32g0xx_hal_uart.o
    0x08005e40   0x08005e40   0x00000010   Code   RO          772    i.USART2_IRQHandler  stm32g0xx_it.o
    0x08005e50   0x08005e50   0x0000001c   Code   RO          113    i.__ARM_common_switch8  ch455g.o
    0x08005e6c   0x08005e6c   0x00000078   Code   RO         1979    i.__NVIC_SetPriority  stm32g0xx_hal_cortex.o
    0x08005ee4   0x08005ee4   0x00000006   Code   RO         3477    i.__get_PRIMASK     stm32g0xx_hal_uart.o
    0x08005eea   0x08005eea   0x00000006   Code   RO         3854    i.__get_PRIMASK     stm32g0xx_hal_uart_ex.o
    0x08005ef0   0x08005ef0   0x00000006   Code   RO         3478    i.__set_PRIMASK     stm32g0xx_hal_uart.o
    0x08005ef6   0x08005ef6   0x00000006   Code   RO         3855    i.__set_PRIMASK     stm32g0xx_hal_uart_ex.o
    0x08005efc   0x08005efc   0x00000004   Code   RO          691    i._sys_exit         usart.o
    0x08005f00   0x08005f00   0x00000200   Code   RO          368    i.btn_update        buttons.o
    0x08006100   0x08006100   0x0000002c   Code   RO           23    i.ch455g_write      ch455g.o
    0x0800612c   0x0800612c   0x00000028   Code   RO           24    i.delay_us          ch455g.o
    0x08006154   0x08006154   0x00000240   Code   RO          369    i.do_adjust         buttons.o
    0x08006394   0x08006394   0x0000004c   Code   RO          692    i.fmt3              usart.o
    0x080063e0   0x080063e0   0x00000024   Code   RO           26    i.i2c_start         ch455g.o
    0x08006404   0x08006404   0x0000002a   Code   RO           27    i.i2c_stop          ch455g.o
    0x0800642e   0x0800642e   0x0000005c   Code   RO           28    i.i2c_write_byte    ch455g.o
    0x0800648a   0x0800648a   0x00000002   PAD
    0x0800648c   0x0800648c   0x000002ac   Code   RO          417    i.main              main.o
    0x08006738   0x08006738   0x00000028   Code   RO          321    i.trig_read         trigger.o
    0x08006760   0x08006760   0x0000008c   Code   RO         4056    x$fpl$fadd          fz_ps.l(faddsub.o)
    0x080067ec   0x080067ec   0x000000b0   Code   RO         4069    x$fpl$fmul          fz_ps.l(fmul.o)
    0x0800689c   0x0800689c   0x000000d0   Code   RO         4058    x$fpl$fsub          fz_ps.l(faddsub.o)
    0x0800696c   0x0800696c   0x00000000   Code   RO         4093    x$fpl$usenofp       fz_ps.l(usenofp.o)
    0x0800696c   0x0800696c   0x0000000f   Data   RO           29    .constdata          ch455g.o
    0x0800697b   0x0800697b   0x00000001   PAD
    0x0800697c   0x0800697c   0x00000028   Data   RO          271    .constdata          params.o
    0x080069a4   0x080069a4   0x00000018   Data   RO          323    .constdata          trigger.o
    0x080069bc   0x080069bc   0x0000001e   Data   RO         3479    .constdata          stm32g0xx_hal_uart.o
    0x080069da   0x080069da   0x00000002   PAD
    0x080069dc   0x080069dc   0x00000068   Data   RO         3970    .constdata          system_stm32g0xx.o
    0x08006a44   0x08006a44   0x00000040   Data   RO         4063    .constdata          fz_ps.l(fdiv.o)
    0x08006a84   0x08006a84   0x00000020   Data   RO         4256    Region$$Table       anon$$obj.o


    Execution Region RW_IRAM1 (Exec base: 0x20000000, Load base: 0x08006aa4, Size: 0x000009b0, Max: 0x00002000, ABSOLUTE)

    Exec Addr    Load Addr    Size         Type   Attr      Idx    E Section Name        Object

    0x20000000   0x08006aa4   0x00000028   Data   RW          272    .data               params.o
    0x20000028   0x08006acc   0x00000009   Data   RW          324    .data               trigger.o
    0x20000031   0x08006ad5   0x00000003   PAD
    0x20000034   0x08006ad8   0x00000034   Data   RW          371    .data               buttons.o
    0x20000068   0x08006b0c   0x00000014   Data   RW          419    .data               main.o
    0x2000007c   0x08006b20   0x00000008   Data   RW          696    .data               usart.o
    0x20000084   0x08006b28   0x00000009   Data   RW         2118    .data               stm32g0xx_hal.o
    0x2000008d   0x08006b31   0x00000003   PAD
    0x20000090   0x08006b34   0x00000004   Data   RW         3971    .data               system_stm32g0xx.o
    0x20000094        -       0x00000010   Zero   RW          270    .bss                params.o
    0x200000a4        -       0x00000010   Zero   RW          322    .bss                trigger.o
    0x200000b4        -       0x00000100   Zero   RW          514    .bss                adc.o
    0x200001b4        -       0x00000010   Zero   RW          578    .bss                iwdg.o
    0x200001c4        -       0x00000098   Zero   RW          614    .bss                tim.o
    0x2000025c        -       0x000000d4   Zero   RW          694    .bss                usart.o
    0x20000330        -       0x0000001c   Zero   RW         1357    .bss                stm32g0xx_hal_flash.o
    0x2000034c        -       0x00000060   Zero   RW         4133    .bss                c_p.l(libspace.o)
    0x200003ac   0x08006b38   0x00000004   PAD
    0x200003b0        -       0x00000200   Zero   RW            2    HEAP                startup_stm32g030xx.o
    0x200005b0        -       0x00000400   Zero   RW            1    STACK               startup_stm32g030xx.o


==============================================================================

Image component sizes


      Code (inc. data)   RO Data    RW Data    ZI Data      Debug   Object Name

       492         48          0          0        256       2740   adc.o
      1248         90          0         52          0       5894   buttons.o
       950         78         15          0          0     432824   ch455g.o
        52          4          0          0          0        774   dma.o
       300         16          0          0          0       1043   gpio.o
        48         14          0          0         16        759   iwdg.o
      1078        110          0         20          0       8277   main.o
       316         66         40         40         16       5764   params.o
        56         26        192          0       1536        656   startup_stm32g030xx.o
       220         38          0          9          0      16205   stm32g0xx_hal.o
      2464        106          0          0          0      47124   stm32g0xx_hal_adc.o
       460         16          0          0          0      34658   stm32g0xx_hal_adc_ex.o
       230         26          0          0          0      12221   stm32g0xx_hal_cortex.o
      1152         40          0          0          0       6078   stm32g0xx_hal_dma.o
       472         52          0          0         28      16546   stm32g0xx_hal_flash.o
       224         24          0          0          0       2462   stm32g0xx_hal_flash_ex.o
       554         24          0          0          0       3314   stm32g0xx_hal_gpio.o
       140         18          0          0          0       1899   stm32g0xx_hal_iwdg.o
        68          4          0          0          0        866   stm32g0xx_hal_msp.o
        88         12          0          0          0        762   stm32g0xx_hal_pwr_ex.o
      2200         96          0          0          0      20841   stm32g0xx_hal_rcc.o
      2428        156          0          0          0      13358   stm32g0xx_hal_tim.o
       386         12          0          0          0       3924   stm32g0xx_hal_tim_ex.o
      5052         96         30          0          0      37828   stm32g0xx_hal_uart.o
       150          0          0          0          0       4047   stm32g0xx_hal_uart_ex.o
       112         24          0          0          0       4159   stm32g0xx_it.o
         2          0        104          4          0       1199   system_stm32g0xx.o
       692         60          0          0        152       4841   tim.o
       480         58         24          9         16       3807   trigger.o
      1984        188          0          8        212       7453   usart.o

    ----------------------------------------------------------------------
     24132       1502        440        148       2232     702323   Object Totals
         0          0         32          0          0          0   (incl. Generated)
        34          0          3          6          0          0   (incl. Padding)

    ----------------------------------------------------------------------

      Code (inc. data)   RO Data    RW Data    ZI Data      Debug   Library Member Name

         8          0          0          0          0         68   __main.o
       108          0          0          0          0         76   __printf.o
         0          0          0          0          0          0   __rtentry.o
        12          0          0          0          0          0   __rtentry2.o
         6          0          0          0          0          0   __rtentry4.o
        60          8          0          0          0          0   __scatter.o
        26          0          0          0          0          0   __scatter_copy.o
        28          0          0          0          0          0   __scatter_zi.o
        46          0          0          0          0        100   _printf_char.o
        48          6          0          0          0         88   _printf_char_common.o
        10          0          0          0          0          0   _printf_d.o
       108         18          0          0          0         76   _printf_dec.o
       176          0          0          0          0         84   _printf_intcommon.o
         2          0          0          0          0          0   _printf_percent.o
         4          0          0          0          0          0   _printf_percent_end.o
        10          0          0          0          0          0   _printf_s.o
        82          0          0          0          0         72   _printf_str.o
        16          0          0          0          0         60   _snputc.o
        10          0          0          0          0         60   _sputc.o
       346          0          0          0          0         92   aeabi_sdiv.o
        16          0          0          0          0         68   exit.o
         6          0          0          0          0        136   heapauxi.o
         2          0          0          0          0          0   libinit.o
         2          0          0          0          0          0   libinit2.o
         2          0          0          0          0          0   libshutdown.o
         2          0          0          0          0          0   libshutdown2.o
         8          4          0          0         96         68   libspace.o
        56          6          0          0          0         84   noretval__2snprintf.o
        64          0          0          0          0        108   rt_memclr.o
       186          0          0          0          0        144   rt_memcpy.o
         2          0          0          0          0          0   rtexit.o
        10          0          0          0          0          0   rtexit2.o
        40          0          0          0          0         60   rtudiv10.o
        68          6          0          0          0         72   strlen.o
        62          0          0          0          0         80   sys_stackheap_outer.o
         2          0          0          0          0         68   use_no_semi.o
         2          0          0          0          0         68   use_no_semi_2.o
       348          8          0          0          0        160   faddsub.o
       352         10         64          0          0         92   fdiv.o
        48          0          0          0          0         60   ffixui.o
        94          0          0          0          0         92   fflti.o
       176          4          0          0          0         80   fmul.o
         0          0          0          0          0          0   usenofp.o

    ----------------------------------------------------------------------
      2664         70         64          0        100       2216   Library Totals
        10          0          0          0          4          0   (incl. Padding)

    ----------------------------------------------------------------------

      Code (inc. data)   RO Data    RW Data    ZI Data      Debug   Library Name

      1636         48          0          0         96       1732   c_p.l
      1018         22         64          0          0        484   fz_ps.l

    ----------------------------------------------------------------------
      2664         70         64          0        100       2216   Library Totals

    ----------------------------------------------------------------------

==============================================================================


      Code (inc. data)   RO Data    RW Data    ZI Data      Debug   

     26796       1572        504        148       2332     695907   Grand Totals
     26796       1572        504        148       2332     695907   ELF Image Totals
     26796       1572        504        148          0          0   ROM Totals

==============================================================================

    Total RO  Size (Code + RO Data)                27300 (  26.66kB)
    Total RW  Size (RW Data + ZI Data)              2480 (   2.42kB)
    Total ROM Size (Code + RO Data + RW Data)      27448 (  26.80kB)

==============================================================================

